 InterpolationIkinePD2019_cgxe

 Timestamp is 5ed699ce (Tue Jun  2 20:26:22 2020)

 Preferred load address is 0000000180000000

 Start         Length     Name                   Class
 0001:00000000 0008abf0H .text$mn                CODE
 0001:0008abf0 00000012H .text$mn$00             CODE
 0001:0008ac02 00000081H .text$x                 CODE
 0002:00000000 00000430H .idata$5                DATA
 0002:00000430 00000010H .00cfg                  DATA
 0002:00000440 00000008H .CRT$XCA                DATA
 0002:00000448 00000008H .CRT$XCZ                DATA
 0002:00000450 00000008H .CRT$XIA                DATA
 0002:00000458 00000008H .CRT$XIZ                DATA
 0002:00000460 00000008H .CRT$XPA                DATA
 0002:00000468 00000008H .CRT$XPZ                DATA
 0002:00000470 00000008H .CRT$XTA                DATA
 0002:00000478 00000008H .CRT$XTZ                DATA
 0002:00000480 00000000H .gfids$y                DATA
 0002:00000480 00000a10H .rdata                  DATA
 0002:00000e90 00000218H .rdata$zzzdbg           DATA
 0002:000010a8 00000008H .rtc$IAA                DATA
 0002:000010b0 00000008H .rtc$IZZ                DATA
 0002:000010b8 00000008H .rtc$TAA                DATA
 0002:000010c0 00000008H .rtc$TZZ                DATA
 0002:000010c8 000012c8H .xdata                  DATA
 0002:00002390 00000088H .edata                  DATA
 0002:00002418 00000104H .idata$2                DATA
 0002:0000251c 00000014H .idata$3                DATA
 0002:00002530 00000430H .idata$4                DATA
 0002:00002960 00000b16H .idata$6                DATA
 0003:00000000 00016bc0H .data                   DATA
 0003:00016bc0 00000670H .bss                    DATA
 0004:00000000 00001428H .pdata                  DATA

  Address         Publics by Value              Rva+Base               Lib:Object

 0000:00000000       __enclave_config           0000000000000000     <absolute>
 0000:00000000       __volatile_metadata        0000000000000000     <absolute>
 0000:00000000       __guard_fids_table         0000000000000000     <absolute>
 0000:00000000       __dynamic_value_reloc_table 0000000000000000     <absolute>
 0000:00000000       ___safe_se_handler_table   0000000000000000     <absolute>
 0000:00000000       __hybrid_code_map          0000000000000000     <absolute>
 0000:00000000       __guard_iat_table          0000000000000000     <absolute>
 0000:00000000       __guard_iat_count          0000000000000000     <absolute>
 0000:00000000       __guard_longjmp_count      0000000000000000     <absolute>
 0000:00000000       __guard_longjmp_table      0000000000000000     <absolute>
 0000:00000000       __hybrid_auxiliary_iat     0000000000000000     <absolute>
 0000:00000000       __guard_fids_count         0000000000000000     <absolute>
 0000:00000000       ___safe_se_handler_count   0000000000000000     <absolute>
 0000:00000000       __hybrid_code_map_count    0000000000000000     <absolute>
 0000:00000100       __guard_flags              0000000000000100     <absolute>
 0000:00000000       __ImageBase                0000000180000000     <linker-defined>
 0001:00000000       mexfilerequiredapiversion  0000000180001000 f   c_mexapi_version.obj
 0001:00000030       cgxe_InterpolationIkinePD2019_method_dispatcher 0000000180001030 f   InterpolationIkinePD2019_cgxe.obj
 0001:000000d0       method_dispatcher_IeSKkqIJwqCfAF7PBwcYjD 00000001800010d0 f   m_IeSKkqIJwqCfAF7PBwcYjD.obj
 0001:00081480       cgxe_IeSKkqIJwqCfAF7PBwcYjD_BuildInfoUpdate 0000000180082480 f   m_IeSKkqIJwqCfAF7PBwcYjD.obj
 0001:00081890       cgxe_IeSKkqIJwqCfAF7PBwcYjD_fallback_info 0000000180082890 f   m_IeSKkqIJwqCfAF7PBwcYjD.obj
 0001:00081930       mexFunction                0000000180082930 f   InterpolationIkinePD2019_cgxe_registry.obj
 0001:00083670       _ssSetInputPortDirectFeedThroughFcn 0000000180084670 f   InterpolationIkinePD2019_cgxe_registry.obj
 0001:000837e0       _ssSetRWorkValueFcn        00000001800847e0 f   InterpolationIkinePD2019_cgxe_registry.obj
 0001:00083860       _ssGetRWorkValueFcn        0000000180084860 f   InterpolationIkinePD2019_cgxe_registry.obj
 0001:000838d0       _ssSetIWorkValueFcn        00000001800848d0 f   InterpolationIkinePD2019_cgxe_registry.obj
 0001:00083950       _ssGetIWorkValueFcn        0000000180084950 f   InterpolationIkinePD2019_cgxe_registry.obj
 0001:000839c0       _ssSetPWorkValueFcn        00000001800849c0 f   InterpolationIkinePD2019_cgxe_registry.obj
 0001:00083a40       _ssGetPWorkValueFcn        0000000180084a40 f   InterpolationIkinePD2019_cgxe_registry.obj
 0001:00083ab0       _ssGetInputPortSignalFcn   0000000180084ab0 f   InterpolationIkinePD2019_cgxe_registry.obj
 0001:00083e40       _ssGetInputPortBufferDstPortFcn 0000000180084e40 f   InterpolationIkinePD2019_cgxe_registry.obj
 0001:00083ec0       _ssGetInputPortSignalPtrsFcn 0000000180084ec0 f   InterpolationIkinePD2019_cgxe_registry.obj
 0001:00084250       ssGetParameterTuningCompliance 0000000180085250 f   InterpolationIkinePD2019_cgxe_registry.obj
 0001:000842c0       ssGetDTypeIdFromMxArray    00000001800852c0 f   InterpolationIkinePD2019_cgxe_registry.obj
 0001:000843e0       ssWriteRTWMx2dMatParam     00000001800853e0 f   InterpolationIkinePD2019_cgxe_registry.obj
 0001:00084470       ssWriteRTWMxVectParam      0000000180085470 f   InterpolationIkinePD2019_cgxe_registry.obj
 0001:000844f0       ssWriteRTWParameters       00000001800854f0 f   InterpolationIkinePD2019_cgxe_registry.obj
 0001:00084ab0       ssWriteRTWParamSettings    0000000180085ab0 f   InterpolationIkinePD2019_cgxe_registry.obj
 0001:000851a0       ssWriteRTWStr              00000001800861a0 f   InterpolationIkinePD2019_cgxe_registry.obj
 0001:00085200       ssWriteRTWWorkVect         0000000180086200 f   InterpolationIkinePD2019_cgxe_registry.obj
 0001:00085760       ssWarning                  0000000180086760 f   InterpolationIkinePD2019_cgxe_registry.obj
 0001:00085850       ssWriteRTWNameValuePair    0000000180086850 f   InterpolationIkinePD2019_cgxe_registry.obj
 0001:00085d50       _ssSetInputPortMatrixDimensions 0000000180086d50 f   InterpolationIkinePD2019_cgxe_registry.obj
 0001:00085e70       _ssSetOutputPortMatrixDimensions 0000000180086e70 f   InterpolationIkinePD2019_cgxe_registry.obj
 0001:00085f90       _ssSetInputPortVectorDimension 0000000180086f90 f   InterpolationIkinePD2019_cgxe_registry.obj
 0001:00086040       _ssSetOutputPortVectorDimension 0000000180087040 f   InterpolationIkinePD2019_cgxe_registry.obj
 0001:000860f0       ssIsRunTimeParamTunable    00000001800870f0 f   InterpolationIkinePD2019_cgxe_registry.obj
 0001:00086160       ssGetSFuncBlockHandle      0000000180087160 f   InterpolationIkinePD2019_cgxe_registry.obj
 0001:000861d0       _ssGetCurrentInputPortWidth 00000001800871d0 f   InterpolationIkinePD2019_cgxe_registry.obj
 0001:000862f0       _ssGetCurrentOutputPortWidth 00000001800872f0 f   InterpolationIkinePD2019_cgxe_registry.obj
 0001:00086410       _ssGetCallSystemNumFcnCallDestinations 0000000180087410 f   InterpolationIkinePD2019_cgxe_registry.obj
 0001:00086480       ssGetIsZeroCrossControlDisabled 0000000180087480 f   InterpolationIkinePD2019_cgxe_registry.obj
 0001:000864f0       ssSetIsInputPortUsedForContZcSignal 00000001800874f0 f   InterpolationIkinePD2019_cgxe_registry.obj
 0001:00086560       ssSetZcSignalIsZcElementDisc 0000000180087560 f   InterpolationIkinePD2019_cgxe_registry.obj
 0001:00086610       ssSetZcSignalName          0000000180087610 f   InterpolationIkinePD2019_cgxe_registry.obj
 0001:00086680       ssSetZcSignalWidth         0000000180087680 f   InterpolationIkinePD2019_cgxe_registry.obj
 0001:000866f0       ssSetZcSignalZcEventType   00000001800876f0 f   InterpolationIkinePD2019_cgxe_registry.obj
 0001:00086760       ssSetZcSignalType          0000000180087760 f   InterpolationIkinePD2019_cgxe_registry.obj
 0001:000867d0       ssSetZcSignalZcTol         00000001800877d0 f   InterpolationIkinePD2019_cgxe_registry.obj
 0001:00086840       ssSetZcSignalNeedsEventNotification 0000000180087840 f   InterpolationIkinePD2019_cgxe_registry.obj
 0001:000868b0       ssCreateAndAddZcSignalInfo 00000001800878b0 f   InterpolationIkinePD2019_cgxe_registry.obj
 0001:00086920       ssCloneAndAddZcSignalInfo  0000000180087920 f   InterpolationIkinePD2019_cgxe_registry.obj
 0001:00086990       ssGetNumZcSignals          0000000180087990 f   InterpolationIkinePD2019_cgxe_registry.obj
 0001:00086a00       ssGetZcSignalVector        0000000180087a00 f   InterpolationIkinePD2019_cgxe_registry.obj
 0001:00086a70       ssGetZcSignalName          0000000180087a70 f   InterpolationIkinePD2019_cgxe_registry.obj
 0001:00086ae0       ssGetZcSignalWidth         0000000180087ae0 f   InterpolationIkinePD2019_cgxe_registry.obj
 0001:00086b50       ssGetZcSignalZcEventType   0000000180087b50 f   InterpolationIkinePD2019_cgxe_registry.obj
 0001:00086bc0       ssGetZcSignalZcEvents      0000000180087bc0 f   InterpolationIkinePD2019_cgxe_registry.obj
 0001:00086c30       ssGetZcSignalType          0000000180087c30 f   InterpolationIkinePD2019_cgxe_registry.obj
 0001:00086ca0       ssGetZcSignalZcTol         0000000180087ca0 f   InterpolationIkinePD2019_cgxe_registry.obj
 0001:00086d20       ssGetZcSignalNeedsEventNotification 0000000180087d20 f   InterpolationIkinePD2019_cgxe_registry.obj
 0001:00086d90       ssGetZcSignalIsZcElementDisc 0000000180087d90 f   InterpolationIkinePD2019_cgxe_registry.obj
 0001:00086e30       ssGetIsInputPortElementContinuous 0000000180087e30 f   InterpolationIkinePD2019_cgxe_registry.obj
 0001:00086ed0       _ssGetAbsTol               0000000180087ed0 f   InterpolationIkinePD2019_cgxe_registry.obj
 0001:00086f40       _ssSetStateAbsTol          0000000180087f40 f   InterpolationIkinePD2019_cgxe_registry.obj
 0001:00087020       _ssSetInputPortReusableFcn 0000000180088020 f   InterpolationIkinePD2019_cgxe_registry.obj
 0001:00087120       _ssSetOutputPortReusableFcn 0000000180088120 f   InterpolationIkinePD2019_cgxe_registry.obj
 0001:00087220       _ssSetSymbolicDimsSupport  0000000180088220 f   InterpolationIkinePD2019_cgxe_registry.obj
 0001:00087290       _ssRegisterSymbolicDimsExpr 0000000180088290 f   InterpolationIkinePD2019_cgxe_registry.obj
 0001:00087310       _ssRegisterSymbolicDims    0000000180088310 f   InterpolationIkinePD2019_cgxe_registry.obj
 0001:000873b0       _ssRegisterSymbolicDimsString 00000001800883b0 f   InterpolationIkinePD2019_cgxe_registry.obj
 0001:00087430       _ssRegisterSymbolicDimsIntValue 0000000180088430 f   InterpolationIkinePD2019_cgxe_registry.obj
 0001:000874a0       _ssRegisterSymbolicDimsPlus 00000001800884a0 f   InterpolationIkinePD2019_cgxe_registry.obj
 0001:00087520       _ssRegisterSymbolicDimsMinus 0000000180088520 f   InterpolationIkinePD2019_cgxe_registry.obj
 0001:000875a0       _ssRegisterSymbolicDimsMultiply 00000001800885a0 f   InterpolationIkinePD2019_cgxe_registry.obj
 0001:00087620       _ssRegisterSymbolicDimsDivide 0000000180088620 f   InterpolationIkinePD2019_cgxe_registry.obj
 0001:000876a0       _ssGetNumSymbolicDims      00000001800886a0 f   InterpolationIkinePD2019_cgxe_registry.obj
 0001:00087710       _ssGetSymbolicDim          0000000180088710 f   InterpolationIkinePD2019_cgxe_registry.obj
 0001:00087790       _ssSetInputPortSymbolicDimsId 0000000180088790 f   InterpolationIkinePD2019_cgxe_registry.obj
 0001:00087800       _ssGetCompInputPortSymbolicDimsId 0000000180088800 f   InterpolationIkinePD2019_cgxe_registry.obj
 0001:00087870       _ssSetCompInputPortSymbolicDimsId 0000000180088870 f   InterpolationIkinePD2019_cgxe_registry.obj
 0001:000878e0       _ssSetOutputPortSymbolicDimsId 00000001800888e0 f   InterpolationIkinePD2019_cgxe_registry.obj
 0001:00087950       _ssGetCompOutputPortSymbolicDimsId 0000000180088950 f   InterpolationIkinePD2019_cgxe_registry.obj
 0001:000879c0       _ssSetCompOutputPortSymbolicDimsId 00000001800889c0 f   InterpolationIkinePD2019_cgxe_registry.obj
 0001:00087a30       _ssSetCompDWorkSymbolicDimsId 0000000180088a30 f   InterpolationIkinePD2019_cgxe_registry.obj
 0001:00089490       __local_stdio_printf_options 000000018008a490 f i InterpolationIkinePD2019_cgxe_registry.obj
 0001:000894a0       _vsnprintf_l               000000018008a4a0 f i InterpolationIkinePD2019_cgxe_registry.obj
 0001:00089520       _vsprintf_l                000000018008a520 f i InterpolationIkinePD2019_cgxe_registry.obj
 0001:00089570       sprintf                    000000018008a570 f i InterpolationIkinePD2019_cgxe_registry.obj
 0001:000895bf       mxSetCell_800              000000018008a5bf f   libmx:libmx.dll
 0001:000895c5       mxSetFieldByNumber_800     000000018008a5c5 f   libmx:libmx.dll
 0001:000895cb       mxCreateString_800         000000018008a5cb f   libmx:libmx.dll
 0001:000895d1       mxCreateCellMatrix_800     000000018008a5d1 f   libmx:libmx.dll
 0001:000895d7       mxCreateStructMatrix_800   000000018008a5d7 f   libmx:libmx.dll
 0001:000895dd       mxGetInf_800               000000018008a5dd f   libmx:libmx.dll
 0001:000895e3       mxGetNaN_800               000000018008a5e3 f   libmx:libmx.dll
 0001:000895e9       mxCalloc_800               000000018008a5e9 f   libmx:libmx.dll
 0001:000895ef       mxGetM_800                 000000018008a5ef f   libmx:libmx.dll
 0001:000895f5       mxGetClassID_800           000000018008a5f5 f   libmx:libmx.dll
 0001:000895fb       mxGetData_800              000000018008a5fb f   libmx:libmx.dll
 0001:00089601       mxIsNumeric_800            000000018008a601 f   libmx:libmx.dll
 0001:00089607       mxIsChar_800               000000018008a607 f   libmx:libmx.dll
 0001:0008960d       mxIsComplex_800            000000018008a60d f   libmx:libmx.dll
 0001:00089613       mxGetN_800                 000000018008a613 f   libmx:libmx.dll
 0001:00089619       mxGetPr_800                000000018008a619 f   libmx:libmx.dll
 0001:0008961f       mxSetField_800             000000018008a61f f   libmx:libmx.dll
 0001:00089625       mxCreateNumericMatrix_800  000000018008a625 f   libmx:libmx.dll
 0001:0008962b       mxCreateDoubleMatrix_800   000000018008a62b f   libmx:libmx.dll
 0001:00089631       mxCreateDoubleScalar_800   000000018008a631 f   libmx:libmx.dll
 0001:00089637       mxGetString_800            000000018008a637 f   libmx:libmx.dll
 0001:0008963d       mexWarnMsgTxt_800          000000018008a63d f   libmex:libmex.dll
 0001:00089643       mexPrintf_800              000000018008a643 f   libmex:libmex.dll
 0001:00089649       mexCallMATLAB_800          000000018008a649 f   libmex:libmex.dll
 0001:0008964f       mexUnlock_800              000000018008a64f f   libmex:libmex.dll
 0001:00089655       mexIsLocked_800            000000018008a655 f   libmex:libmex.dll
 0001:0008965b       muDoubleScalarAbs          000000018008a65b f   libmwmathutil:libmwmathutil.dll
 0001:00089661       muDoubleScalarFloor        000000018008a661 f   libmwmathutil:libmwmathutil.dll
 0001:00089667       muDoubleScalarRound        000000018008a667 f   libmwmathutil:libmwmathutil.dll
 0001:0008966d       muDoubleScalarAcos         000000018008a66d f   libmwmathutil:libmwmathutil.dll
 0001:00089673       muDoubleScalarCos          000000018008a673 f   libmwmathutil:libmwmathutil.dll
 0001:00089679       muDoubleScalarExp          000000018008a679 f   libmwmathutil:libmwmathutil.dll
 0001:0008967f       muDoubleScalarLog          000000018008a67f f   libmwmathutil:libmwmathutil.dll
 0001:00089685       muDoubleScalarAtan2        000000018008a685 f   libmwmathutil:libmwmathutil.dll
 0001:0008968b       muDoubleScalarMax          000000018008a68b f   libmwmathutil:libmwmathutil.dll
 0001:00089691       muDoubleScalarMin          000000018008a691 f   libmwmathutil:libmwmathutil.dll
 0001:00089697       muDoubleScalarSin          000000018008a697 f   libmwmathutil:libmwmathutil.dll
 0001:0008969d       muDoubleScalarSqrt         000000018008a69d f   libmwmathutil:libmwmathutil.dll
 0001:000896a3       muDoubleScalarRem          000000018008a6a3 f   libmwmathutil:libmwmathutil.dll
 0001:000896a9       muDoubleScalarHypot        000000018008a6a9 f   libmwmathutil:libmwmathutil.dll
 0001:000896af       muIntScalarMin_sint32      000000018008a6af f   libmwmathutil:libmwmathutil.dll
 0001:000896b5       muDoubleScalarIsNaN        000000018008a6b5 f   libmwmathutil:libmwmathutil.dll
 0001:000896bb       muDoubleScalarIsInf        000000018008a6bb f   libmwmathutil:libmwmathutil.dll
 0001:000896c1       emlrtAlias                 000000018008a6c1 f   libemlrt:libemlrt.dll
 0001:000896c7       emlrtAssign                000000018008a6c7 f   libemlrt:libemlrt.dll
 0001:000896cd       emlrtDynamicBoundsCheckR2012b 000000018008a6cd f   libemlrt:libemlrt.dll
 0001:000896d3       emlrtCreateNumericMatrix   000000018008a6d3 f   libemlrt:libemlrt.dll
 0001:000896d9       emlrtCreateDoubleScalar    000000018008a6d9 f   libemlrt:libemlrt.dll
 0001:000896df       emlrtCreateCharArray       000000018008a6df f   libemlrt:libemlrt.dll
 0001:000896e5       emlrtDestroyArray          000000018008a6e5 f   libemlrt:libemlrt.dll
 0001:000896eb       emlrtIntegerCheckR2012b    000000018008a6eb f   libemlrt:libemlrt.dll
 0001:000896f1       emlrtNonNegativeCheckR2012b 000000018008a6f1 f   libemlrt:libemlrt.dll
 0001:000896f7       emlrtForLoopVectorCheckR2012b 000000018008a6f7 f   libemlrt:libemlrt.dll
 0001:000896fd       emlrtCallMATLABR2012b      000000018008a6fd f   libemlrt:libemlrt.dll
 0001:00089703       emlrtMallocMex             000000018008a703 f   libemlrt:libemlrt.dll
 0001:00089709       emlrtCallocMex             000000018008a709 f   libemlrt:libemlrt.dll
 0001:0008970f       emlrtFreeMex               000000018008a70f f   libemlrt:libemlrt.dll
 0001:00089715       emlrtInitCharArrayR2013a   000000018008a715 f   libemlrt:libemlrt.dll
 0001:0008971b       emlrtDivisionByZeroWarningOrError2018b 000000018008a71b f   libemlrt:libemlrt.dll
 0001:00089721       emlrtSizeEqCheck1DR2012b   000000018008a721 f   libemlrt:libemlrt.dll
 0001:00089727       emlrtSizeEqCheckNDR2012b   000000018008a727 f   libemlrt:libemlrt.dll
 0001:0008972d       emlrtDimSizeGeqCheckR2012b 000000018008a72d f   libemlrt:libemlrt.dll
 0001:00089733       emlrtSubAssignSizeCheckR2012b 000000018008a733 f   libemlrt:libemlrt.dll
 0001:00089739       emlrtSubAssignSizeCheck1dR2017a 000000018008a739 f   libemlrt:libemlrt.dll
 0001:0008973f       emlrtCheckBuiltInR2012b    000000018008a73f f   libemlrt:libemlrt.dll
 0001:00089745       emlrtImportCharArrayR2015b 000000018008a745 f   libemlrt:libemlrt.dll
 0001:0008974b       emlrtMxGetData             000000018008a74b f   libemlrt:libemlrt.dll
 0001:00089751       cgxertGetInputPortSignal   000000018008a751 f   libmwcgxert:libmwcgxert.dll
 0001:00089757       cgxertGetOutputPortSignal  000000018008a757 f   libmwcgxert:libmwcgxert.dll
 0001:0008975d       cgxertSetSimStateCompliance 000000018008a75d f   libmwcgxert:libmwcgxert.dll
 0001:00089763       cgxertGetRuntimeInstance   000000018008a763 f   libmwcgxert:libmwcgxert.dll
 0001:00089769       cgxertSetRuntimeInstance   000000018008a769 f   libmwcgxert:libmwcgxert.dll
 0001:0008976f       cgxertGetEMLRTCtx          000000018008a76f f   libmwcgxert:libmwcgxert.dll
 0001:00089775       cgxertSetGcb               000000018008a775 f   libmwcgxert:libmwcgxert.dll
 0001:0008977b       cgxertRestoreGcb           000000018008a77b f   libmwcgxert:libmwcgxert.dll
 0001:00089781       dgemm                      000000018008a781 f   libmwblas:libmwblas.dll
 0001:00089787       drotg                      000000018008a787 f   libmwblas:libmwblas.dll
 0001:0008978d       dtrsm                      000000018008a78d f   libmwblas:libmwblas.dll
 0001:00089793       LAPACKE_dgeqp3             000000018008a793 f   libmwlapack:libmwlapack.dll
 0001:00089799       LAPACKE_dormqr             000000018008a799 f   libmwlapack:libmwlapack.dll
 0001:0008979f       LAPACKE_dgetrf_work        000000018008a79f f   libmwlapack:libmwlapack.dll
 0001:000897a5       LAPACKE_dpotrf_work        000000018008a7a5 f   libmwlapack:libmwlapack.dll
 0001:000897ac       __raise_securityfailure    000000018008a7ac f   MSVCRT:gs_report.obj
 0001:000897e0       __report_gsfailure         000000018008a7e0 f   MSVCRT:gs_report.obj
 0001:000898b4       __report_rangecheckfailure 000000018008a8b4 f   MSVCRT:gs_report.obj
 0001:000898c8       __report_securityfailure   000000018008a8c8 f   MSVCRT:gs_report.obj
 0001:00089964       __report_securityfailureEx 000000018008a964 f   MSVCRT:gs_report.obj
 0001:00089b58       __GSHandlerCheck           000000018008ab58 f   MSVCRT:gshandler.obj
 0001:00089b78       __GSHandlerCheckCommon     000000018008ab78 f   MSVCRT:gshandler.obj
 0001:00089bf0       __security_check_cookie    000000018008abf0 f   MSVCRT:amdsecgs.obj
 0001:00089f60       _CRT_INIT                  000000018008af60 f   MSVCRT:dll_dllmain.obj
 0001:00089f68       _DllMainCRTStartup         000000018008af68 f   MSVCRT:dll_dllmain.obj
 0001:0008a014       __security_init_cookie     000000018008b014 f   MSVCRT:gs_support.obj
 0001:0008a0c0       DllMain                    000000018008b0c0 f   MSVCRT:dll_dllmain_stub.obj
 0001:0008a0e4       ?__scrt_initialize_type_info@@YAXXZ 000000018008b0e4 f   MSVCRT:tncleanup.obj
 0001:0008a0f4       ?__scrt_uninitialize_type_info@@YAXXZ 000000018008b0f4 f   MSVCRT:tncleanup.obj
 0001:0008a100       __local_stdio_scanf_options 000000018008b100 f i MSVCRT:default_local_stdio_options.obj
 0001:0008a108       __scrt_initialize_default_local_stdio_options 000000018008b108 f   MSVCRT:default_local_stdio_options.obj
 0001:0008a124       ??$__crt_fast_decode_pointer@PEAP6AXXZ@@YAPEAP6AXXZQEAP6AXXZ@Z 000000018008b124 f i MSVCRT:utility.obj
 0001:0008a13c       ??$__crt_fast_encode_pointer@PEAP6AXXZ@@YAPEAP6AXXZQEAP6AXXZ@Z 000000018008b13c f i MSVCRT:utility.obj
 0001:0008a15c       ?__crt_rotate_pointer_value@@YA_K_KH@Z 000000018008b15c f i MSVCRT:utility.obj
 0001:0008a168       ?configure_argv@__scrt_narrow_argv_policy@@SAHXZ 000000018008b168 f i MSVCRT:utility.obj
 0001:0008a1c8       ?initialize_environment@__scrt_narrow_environment_policy@@SAHXZ 000000018008b1c8 f i MSVCRT:utility.obj
 0001:0008a200       NtCurrentTeb               000000018008b200 f i MSVCRT:utility.obj
 0001:0008a20c       __scrt_acquire_startup_lock 000000018008b20c f   MSVCRT:utility.obj
 0001:0008a248       __scrt_dllmain_after_initialize_c 000000018008b248 f   MSVCRT:utility.obj
 0001:0008a27c       __scrt_dllmain_before_initialize_c 000000018008b27c f   MSVCRT:utility.obj
 0001:0008a294       __scrt_dllmain_crt_thread_attach 000000018008b294 f   MSVCRT:utility.obj
 0001:0008a2bc       __scrt_dllmain_crt_thread_detach 000000018008b2bc f   MSVCRT:utility.obj
 0001:0008a2d4       __scrt_dllmain_exception_filter 000000018008b2d4 f   MSVCRT:utility.obj
 0001:0008a334       __scrt_dllmain_uninitialize_c 000000018008b334 f   MSVCRT:utility.obj
 0001:0008a364       __scrt_dllmain_uninitialize_critical 000000018008b364 f   MSVCRT:utility.obj
 0001:0008a378       __scrt_initialize_crt      000000018008b378 f   MSVCRT:utility.obj
 0001:0008a3c4       __scrt_initialize_onexit_tables 000000018008b3c4 f   MSVCRT:utility.obj
 0001:0008a49c       __scrt_is_nonwritable_in_current_image 000000018008b49c f   MSVCRT:utility.obj
 0001:0008a538       __scrt_release_startup_lock 000000018008b538 f   MSVCRT:utility.obj
 0001:0008a55c       __scrt_uninitialize_crt    000000018008b55c f   MSVCRT:utility.obj
 0001:0008a588       _onexit                    000000018008b588 f   MSVCRT:utility.obj
 0001:0008a5d8       at_quick_exit              000000018008b5d8 f   MSVCRT:utility.obj
 0001:0008a610       atexit                     000000018008b610 f   MSVCRT:utility.obj
 0001:0008a628       __scrt_get_dyn_tls_init_callback 000000018008b628 f   MSVCRT:dyn_tls_init.obj
 0001:0008a630       __crt_debugger_hook        000000018008b630 f   MSVCRT:utility_desktop.obj
 0001:0008a638       __scrt_fastfail            000000018008b638 f   MSVCRT:utility_desktop.obj
 0001:0008a784       __scrt_get_show_window_mode 000000018008b784 f   MSVCRT:utility_desktop.obj
 0001:0008a7c0       __scrt_initialize_mta      000000018008b7c0 f   MSVCRT:utility_desktop.obj
 0001:0008a7c8       __scrt_initialize_winrt    000000018008b7c8 f   MSVCRT:utility_desktop.obj
 0001:0008a7cc       __scrt_is_managed_app      000000018008b7cc f   MSVCRT:utility_desktop.obj
 0001:0008a820       __scrt_set_unhandled_exception_filter 000000018008b820 f   MSVCRT:utility_desktop.obj
 0001:0008a830       __scrt_stub_for_initialize_mta 000000018008b830 f   MSVCRT:utility_desktop.obj
 0001:0008a830       __scrt_exe_initialize_mta  000000018008b830 f   MSVCRT:utility_desktop.obj
 0001:0008a834       __scrt_unhandled_exception_filter 000000018008b834 f   MSVCRT:utility_desktop.obj
 0001:0008a86c       _RTC_Initialize            000000018008b86c f   MSVCRT:initsect.obj
 0001:0008a8a8       _RTC_Terminate             000000018008b8a8 f   MSVCRT:initsect.obj
 0001:0008a8e4       _guard_check_icall_nop     000000018008b8e4 f i MSVCRT:guard_support.obj
 0001:0008a8e8       ReadNoFence64              000000018008b8e8 f i MSVCRT:guard_support.obj
 0001:0008a8ec       ReadPointerNoFence         000000018008b8ec f i MSVCRT:guard_support.obj
 0001:0008a8f0       _guard_icall_checks_enforced 000000018008b8f0 f i MSVCRT:guard_support.obj
 0001:0008a908       _guard_rf_checks_enforced  000000018008b908 f i MSVCRT:guard_support.obj
 0001:0008a90c       __isa_available_init       000000018008b90c f   MSVCRT:cpu_disp.obj
 0001:0008aac8       _get_startup_argv_mode     000000018008bac8 f   MSVCRT:argv_mode.obj
 0001:0008aad0       __scrt_is_ucrt_dll_in_use  000000018008bad0 f   MSVCRT:ucrt_detection.obj
 0001:0008aae0       RtlCaptureContext          000000018008bae0 f   kernel32:KERNEL32.dll
 0001:0008aae6       RtlLookupFunctionEntry     000000018008bae6 f   kernel32:KERNEL32.dll
 0001:0008aaec       RtlVirtualUnwind           000000018008baec f   kernel32:KERNEL32.dll
 0001:0008aaf2       UnhandledExceptionFilter   000000018008baf2 f   kernel32:KERNEL32.dll
 0001:0008aaf8       SetUnhandledExceptionFilter 000000018008baf8 f   kernel32:KERNEL32.dll
 0001:0008aafe       GetCurrentProcess          000000018008bafe f   kernel32:KERNEL32.dll
 0001:0008ab04       TerminateProcess           000000018008bb04 f   kernel32:KERNEL32.dll
 0001:0008ab0a       IsProcessorFeaturePresent  000000018008bb0a f   kernel32:KERNEL32.dll
 0001:0008ab10       QueryPerformanceCounter    000000018008bb10 f   kernel32:KERNEL32.dll
 0001:0008ab16       GetCurrentProcessId        000000018008bb16 f   kernel32:KERNEL32.dll
 0001:0008ab1c       GetCurrentThreadId         000000018008bb1c f   kernel32:KERNEL32.dll
 0001:0008ab22       GetSystemTimeAsFileTime    000000018008bb22 f   kernel32:KERNEL32.dll
 0001:0008ab28       DisableThreadLibraryCalls  000000018008bb28 f   kernel32:KERNEL32.dll
 0001:0008ab2e       InitializeSListHead        000000018008bb2e f   kernel32:KERNEL32.dll
 0001:0008ab34       IsDebuggerPresent          000000018008bb34 f   kernel32:KERNEL32.dll
 0001:0008ab3a       GetStartupInfoW            000000018008bb3a f   kernel32:KERNEL32.dll
 0001:0008ab40       GetModuleHandleW           000000018008bb40 f   kernel32:KERNEL32.dll
 0001:0008ab46       memcpy                     000000018008bb46 f   vcruntime:VCRUNTIME140.dll
 0001:0008ab4c       __C_specific_handler       000000018008bb4c f   vcruntime:VCRUNTIME140.dll
 0001:0008ab52       __std_type_info_destroy_list 000000018008bb52 f   vcruntime:VCRUNTIME140.dll
 0001:0008ab58       memset                     000000018008bb58 f   vcruntime:VCRUNTIME140.dll
 0001:0008ab5e       calloc                     000000018008bb5e f   ucrt:api-ms-win-crt-heap-l1-1-0.dll
 0001:0008ab64       free                       000000018008bb64 f   ucrt:api-ms-win-crt-heap-l1-1-0.dll
 0001:0008ab6a       strcmp                     000000018008bb6a f   ucrt:api-ms-win-crt-string-l1-1-0.dll
 0001:0008ab70       strlen                     000000018008bb70 f   ucrt:api-ms-win-crt-string-l1-1-0.dll
 0001:0008ab76       __stdio_common_vsprintf    000000018008bb76 f   ucrt:api-ms-win-crt-stdio-l1-1-0.dll
 0001:0008ab7c       malloc                     000000018008bb7c f   ucrt:api-ms-win-crt-heap-l1-1-0.dll
 0001:0008ab82       _initterm                  000000018008bb82 f   ucrt:api-ms-win-crt-runtime-l1-1-0.dll
 0001:0008ab88       _initterm_e                000000018008bb88 f   ucrt:api-ms-win-crt-runtime-l1-1-0.dll
 0001:0008ab8e       _seh_filter_dll            000000018008bb8e f   ucrt:api-ms-win-crt-runtime-l1-1-0.dll
 0001:0008ab94       _configure_narrow_argv     000000018008bb94 f   ucrt:api-ms-win-crt-runtime-l1-1-0.dll
 0001:0008ab9a       _initialize_narrow_environment 000000018008bb9a f   ucrt:api-ms-win-crt-runtime-l1-1-0.dll
 0001:0008aba0       _initialize_onexit_table   000000018008bba0 f   ucrt:api-ms-win-crt-runtime-l1-1-0.dll
 0001:0008aba6       _register_onexit_function  000000018008bba6 f   ucrt:api-ms-win-crt-runtime-l1-1-0.dll
 0001:0008abac       _execute_onexit_table      000000018008bbac f   ucrt:api-ms-win-crt-runtime-l1-1-0.dll
 0001:0008abb2       _crt_atexit                000000018008bbb2 f   ucrt:api-ms-win-crt-runtime-l1-1-0.dll
 0001:0008abb8       _crt_at_quick_exit         000000018008bbb8 f   ucrt:api-ms-win-crt-runtime-l1-1-0.dll
 0001:0008abbe       _cexit                     000000018008bbbe f   ucrt:api-ms-win-crt-runtime-l1-1-0.dll
 0001:0008abc4       terminate                  000000018008bbc4 f   ucrt:api-ms-win-crt-runtime-l1-1-0.dll
 0001:0008abcc       __scrt_stub_for_acrt_initialize 000000018008bbcc f   MSVCRT:ucrt_stubs.obj
 0001:0008abcc       __vcrt_initialize          000000018008bbcc f   MSVCRT:ucrt_stubs.obj
 0001:0008abcc       __acrt_initialize          000000018008bbcc f   MSVCRT:ucrt_stubs.obj
 0001:0008abd0       __acrt_thread_attach       000000018008bbd0 f   MSVCRT:ucrt_stubs.obj
 0001:0008abd0       __vcrt_thread_attach       000000018008bbd0 f   MSVCRT:ucrt_stubs.obj
 0001:0008abd0       __scrt_stub_for_acrt_thread_attach 000000018008bbd0 f   MSVCRT:ucrt_stubs.obj
 0001:0008abd4       __acrt_thread_detach       000000018008bbd4 f   MSVCRT:ucrt_stubs.obj
 0001:0008abd4       __scrt_stub_for_acrt_thread_detach 000000018008bbd4 f   MSVCRT:ucrt_stubs.obj
 0001:0008abd4       __vcrt_thread_detach       000000018008bbd4 f   MSVCRT:ucrt_stubs.obj
 0001:0008abd8       __acrt_uninitialize        000000018008bbd8 f   MSVCRT:ucrt_stubs.obj
 0001:0008abd8       __scrt_stub_for_acrt_uninitialize 000000018008bbd8 f   MSVCRT:ucrt_stubs.obj
 0001:0008abd8       __vcrt_uninitialize        000000018008bbd8 f   MSVCRT:ucrt_stubs.obj
 0001:0008abdc       __vcrt_uninitialize_critical 000000018008bbdc f   MSVCRT:ucrt_stubs.obj
 0001:0008abdc       __acrt_uninitialize_critical 000000018008bbdc f   MSVCRT:ucrt_stubs.obj
 0001:0008abdc       __scrt_stub_for_acrt_uninitialize_critical 000000018008bbdc f   MSVCRT:ucrt_stubs.obj
 0001:0008abe0       _is_c_termination_complete 000000018008bbe0 f   MSVCRT:ucrt_stubs.obj
 0001:0008abe0       __scrt_stub_for_is_c_termination_complete 000000018008bbe0 f   MSVCRT:ucrt_stubs.obj
 0001:0008ac00       _guard_dispatch_icall_nop  000000018008bc00 f   MSVCRT:guard_dispatch.obj
 0002:00000000       __imp_RtlCaptureContext    000000018008c000     kernel32:KERNEL32.dll
 0002:00000008       __imp_RtlLookupFunctionEntry 000000018008c008     kernel32:KERNEL32.dll
 0002:00000010       __imp_RtlVirtualUnwind     000000018008c010     kernel32:KERNEL32.dll
 0002:00000018       __imp_UnhandledExceptionFilter 000000018008c018     kernel32:KERNEL32.dll
 0002:00000020       __imp_SetUnhandledExceptionFilter 000000018008c020     kernel32:KERNEL32.dll
 0002:00000028       __imp_GetCurrentProcess    000000018008c028     kernel32:KERNEL32.dll
 0002:00000030       __imp_TerminateProcess     000000018008c030     kernel32:KERNEL32.dll
 0002:00000038       __imp_IsProcessorFeaturePresent 000000018008c038     kernel32:KERNEL32.dll
 0002:00000040       __imp_QueryPerformanceCounter 000000018008c040     kernel32:KERNEL32.dll
 0002:00000048       __imp_GetCurrentProcessId  000000018008c048     kernel32:KERNEL32.dll
 0002:00000050       __imp_GetCurrentThreadId   000000018008c050     kernel32:KERNEL32.dll
 0002:00000058       __imp_GetSystemTimeAsFileTime 000000018008c058     kernel32:KERNEL32.dll
 0002:00000060       __imp_DisableThreadLibraryCalls 000000018008c060     kernel32:KERNEL32.dll
 0002:00000068       __imp_InitializeSListHead  000000018008c068     kernel32:KERNEL32.dll
 0002:00000070       __imp_IsDebuggerPresent    000000018008c070     kernel32:KERNEL32.dll
 0002:00000078       __imp_GetStartupInfoW      000000018008c078     kernel32:KERNEL32.dll
 0002:00000080       __imp_GetModuleHandleW     000000018008c080     kernel32:KERNEL32.dll
 0002:00000088       \177KERNEL32_NULL_THUNK_DATA 000000018008c088     kernel32:KERNEL32.dll
 0002:00000090       __imp___C_specific_handler 000000018008c090     vcruntime:VCRUNTIME140.dll
 0002:00000098       __imp___std_type_info_destroy_list 000000018008c098     vcruntime:VCRUNTIME140.dll
 0002:000000a0       __imp_memset               000000018008c0a0     vcruntime:VCRUNTIME140.dll
 0002:000000a8       __imp_memcpy               000000018008c0a8     vcruntime:VCRUNTIME140.dll
 0002:000000b0       \177VCRUNTIME140_NULL_THUNK_DATA 000000018008c0b0     vcruntime:VCRUNTIME140.dll
 0002:000000b8       __imp_free                 000000018008c0b8     ucrt:api-ms-win-crt-heap-l1-1-0.dll
 0002:000000c0       __imp_malloc               000000018008c0c0     ucrt:api-ms-win-crt-heap-l1-1-0.dll
 0002:000000c8       __imp_calloc               000000018008c0c8     ucrt:api-ms-win-crt-heap-l1-1-0.dll
 0002:000000d0       \177api-ms-win-crt-heap-l1-1-0_NULL_THUNK_DATA 000000018008c0d0     ucrt:api-ms-win-crt-heap-l1-1-0.dll
 0002:000000d8       __imp__cexit               000000018008c0d8     ucrt:api-ms-win-crt-runtime-l1-1-0.dll
 0002:000000e0       __imp_terminate            000000018008c0e0     ucrt:api-ms-win-crt-runtime-l1-1-0.dll
 0002:000000e8       __imp__initterm            000000018008c0e8     ucrt:api-ms-win-crt-runtime-l1-1-0.dll
 0002:000000f0       __imp__initterm_e          000000018008c0f0     ucrt:api-ms-win-crt-runtime-l1-1-0.dll
 0002:000000f8       __imp__seh_filter_dll      000000018008c0f8     ucrt:api-ms-win-crt-runtime-l1-1-0.dll
 0002:00000100       __imp__configure_narrow_argv 000000018008c100     ucrt:api-ms-win-crt-runtime-l1-1-0.dll
 0002:00000108       __imp__initialize_narrow_environment 000000018008c108     ucrt:api-ms-win-crt-runtime-l1-1-0.dll
 0002:00000110       __imp__initialize_onexit_table 000000018008c110     ucrt:api-ms-win-crt-runtime-l1-1-0.dll
 0002:00000118       __imp__register_onexit_function 000000018008c118     ucrt:api-ms-win-crt-runtime-l1-1-0.dll
 0002:00000120       __imp__execute_onexit_table 000000018008c120     ucrt:api-ms-win-crt-runtime-l1-1-0.dll
 0002:00000128       __imp__crt_atexit          000000018008c128     ucrt:api-ms-win-crt-runtime-l1-1-0.dll
 0002:00000130       __imp__crt_at_quick_exit   000000018008c130     ucrt:api-ms-win-crt-runtime-l1-1-0.dll
 0002:00000138       \177api-ms-win-crt-runtime-l1-1-0_NULL_THUNK_DATA 000000018008c138     ucrt:api-ms-win-crt-runtime-l1-1-0.dll
 0002:00000140       __imp___stdio_common_vsprintf 000000018008c140     ucrt:api-ms-win-crt-stdio-l1-1-0.dll
 0002:00000148       \177api-ms-win-crt-stdio-l1-1-0_NULL_THUNK_DATA 000000018008c148     ucrt:api-ms-win-crt-stdio-l1-1-0.dll
 0002:00000150       __imp_strcmp               000000018008c150     ucrt:api-ms-win-crt-string-l1-1-0.dll
 0002:00000158       __imp_strlen               000000018008c158     ucrt:api-ms-win-crt-string-l1-1-0.dll
 0002:00000160       \177api-ms-win-crt-string-l1-1-0_NULL_THUNK_DATA 000000018008c160     ucrt:api-ms-win-crt-string-l1-1-0.dll
 0002:00000168       __imp_emlrtMxGetData       000000018008c168     libemlrt:libemlrt.dll
 0002:00000170       __imp_emlrtAlias           000000018008c170     libemlrt:libemlrt.dll
 0002:00000178       __imp_emlrtAssign          000000018008c178     libemlrt:libemlrt.dll
 0002:00000180       __imp_emlrtDynamicBoundsCheckR2012b 000000018008c180     libemlrt:libemlrt.dll
 0002:00000188       __imp_emlrtCreateNumericMatrix 000000018008c188     libemlrt:libemlrt.dll
 0002:00000190       __imp_emlrtCreateDoubleScalar 000000018008c190     libemlrt:libemlrt.dll
 0002:00000198       __imp_emlrtCreateCharArray 000000018008c198     libemlrt:libemlrt.dll
 0002:000001a0       __imp_emlrtDestroyArray    000000018008c1a0     libemlrt:libemlrt.dll
 0002:000001a8       __imp_emlrtIntegerCheckR2012b 000000018008c1a8     libemlrt:libemlrt.dll
 0002:000001b0       __imp_emlrtNonNegativeCheckR2012b 000000018008c1b0     libemlrt:libemlrt.dll
 0002:000001b8       __imp_emlrtForLoopVectorCheckR2012b 000000018008c1b8     libemlrt:libemlrt.dll
 0002:000001c0       __imp_emlrtCallMATLABR2012b 000000018008c1c0     libemlrt:libemlrt.dll
 0002:000001c8       __imp_emlrtMallocMex       000000018008c1c8     libemlrt:libemlrt.dll
 0002:000001d0       __imp_emlrtCallocMex       000000018008c1d0     libemlrt:libemlrt.dll
 0002:000001d8       __imp_emlrtFreeMex         000000018008c1d8     libemlrt:libemlrt.dll
 0002:000001e0       __imp_emlrtInitCharArrayR2013a 000000018008c1e0     libemlrt:libemlrt.dll
 0002:000001e8       __imp_emlrtDivisionByZeroWarningOrError2018b 000000018008c1e8     libemlrt:libemlrt.dll
 0002:000001f0       __imp_emlrtSizeEqCheck1DR2012b 000000018008c1f0     libemlrt:libemlrt.dll
 0002:000001f8       __imp_emlrtSizeEqCheckNDR2012b 000000018008c1f8     libemlrt:libemlrt.dll
 0002:00000200       __imp_emlrtDimSizeGeqCheckR2012b 000000018008c200     libemlrt:libemlrt.dll
 0002:00000208       __imp_emlrtSubAssignSizeCheckR2012b 000000018008c208     libemlrt:libemlrt.dll
 0002:00000210       __imp_emlrtSubAssignSizeCheck1dR2017a 000000018008c210     libemlrt:libemlrt.dll
 0002:00000218       __imp_emlrtCheckBuiltInR2012b 000000018008c218     libemlrt:libemlrt.dll
 0002:00000220       __imp_emlrtImportCharArrayR2015b 000000018008c220     libemlrt:libemlrt.dll
 0002:00000228       \177libemlrt_NULL_THUNK_DATA 000000018008c228     libemlrt:libemlrt.dll
 0002:00000230       __imp_mexWarnMsgTxt_800    000000018008c230     libmex:libmex.dll
 0002:00000238       __imp_mexUnlock_800        000000018008c238     libmex:libmex.dll
 0002:00000240       __imp_mexIsLocked_800      000000018008c240     libmex:libmex.dll
 0002:00000248       __imp_mexPrintf_800        000000018008c248     libmex:libmex.dll
 0002:00000250       __imp_mexCallMATLAB_800    000000018008c250     libmex:libmex.dll
 0002:00000258       \177libmex_NULL_THUNK_DATA 000000018008c258     libmex:libmex.dll
 0002:00000260       __imp_dtrsm                000000018008c260     libmwblas:libmwblas.dll
 0002:00000268       __imp_drotg                000000018008c268     libmwblas:libmwblas.dll
 0002:00000270       __imp_dgemm                000000018008c270     libmwblas:libmwblas.dll
 0002:00000278       \177libmwblas_NULL_THUNK_DATA 000000018008c278     libmwblas:libmwblas.dll
 0002:00000280       __imp_cgxertSetGcb         000000018008c280     libmwcgxert:libmwcgxert.dll
 0002:00000288       __imp_cgxertGetEMLRTCtx    000000018008c288     libmwcgxert:libmwcgxert.dll
 0002:00000290       __imp_cgxertRestoreGcb     000000018008c290     libmwcgxert:libmwcgxert.dll
 0002:00000298       __imp_cgxertSetRuntimeInstance 000000018008c298     libmwcgxert:libmwcgxert.dll
 0002:000002a0       __imp_cgxertGetOutputPortSignal 000000018008c2a0     libmwcgxert:libmwcgxert.dll
 0002:000002a8       __imp_cgxertSetSimStateCompliance 000000018008c2a8     libmwcgxert:libmwcgxert.dll
 0002:000002b0       __imp_cgxertGetInputPortSignal 000000018008c2b0     libmwcgxert:libmwcgxert.dll
 0002:000002b8       __imp_cgxertGetRuntimeInstance 000000018008c2b8     libmwcgxert:libmwcgxert.dll
 0002:000002c0       \177libmwcgxert_NULL_THUNK_DATA 000000018008c2c0     libmwcgxert:libmwcgxert.dll
 0002:000002c8       __imp_LAPACKE_dgeqp3       000000018008c2c8     libmwlapack:libmwlapack.dll
 0002:000002d0       __imp_LAPACKE_dormqr       000000018008c2d0     libmwlapack:libmwlapack.dll
 0002:000002d8       __imp_LAPACKE_dgetrf_work  000000018008c2d8     libmwlapack:libmwlapack.dll
 0002:000002e0       __imp_LAPACKE_dpotrf_work  000000018008c2e0     libmwlapack:libmwlapack.dll
 0002:000002e8       \177libmwlapack_NULL_THUNK_DATA 000000018008c2e8     libmwlapack:libmwlapack.dll
 0002:000002f0       __imp_muDoubleScalarSqrt   000000018008c2f0     libmwmathutil:libmwmathutil.dll
 0002:000002f8       __imp_muDoubleScalarSin    000000018008c2f8     libmwmathutil:libmwmathutil.dll
 0002:00000300       __imp_muDoubleScalarMin    000000018008c300     libmwmathutil:libmwmathutil.dll
 0002:00000308       __imp_muDoubleScalarMax    000000018008c308     libmwmathutil:libmwmathutil.dll
 0002:00000310       __imp_muDoubleScalarRem    000000018008c310     libmwmathutil:libmwmathutil.dll
 0002:00000318       __imp_muDoubleScalarLog    000000018008c318     libmwmathutil:libmwmathutil.dll
 0002:00000320       __imp_muDoubleScalarExp    000000018008c320     libmwmathutil:libmwmathutil.dll
 0002:00000328       __imp_muIntScalarMin_sint32 000000018008c328     libmwmathutil:libmwmathutil.dll
 0002:00000330       __imp_muDoubleScalarAcos   000000018008c330     libmwmathutil:libmwmathutil.dll
 0002:00000338       __imp_muDoubleScalarRound  000000018008c338     libmwmathutil:libmwmathutil.dll
 0002:00000340       __imp_muDoubleScalarFloor  000000018008c340     libmwmathutil:libmwmathutil.dll
 0002:00000348       __imp_muDoubleScalarAbs    000000018008c348     libmwmathutil:libmwmathutil.dll
 0002:00000350       __imp_muDoubleScalarIsNaN  000000018008c350     libmwmathutil:libmwmathutil.dll
 0002:00000358       __imp_muDoubleScalarAtan2  000000018008c358     libmwmathutil:libmwmathutil.dll
 0002:00000360       __imp_muDoubleScalarHypot  000000018008c360     libmwmathutil:libmwmathutil.dll
 0002:00000368       __imp_muDoubleScalarIsInf  000000018008c368     libmwmathutil:libmwmathutil.dll
 0002:00000370       __imp_muDoubleScalarCos    000000018008c370     libmwmathutil:libmwmathutil.dll
 0002:00000378       \177libmwmathutil_NULL_THUNK_DATA 000000018008c378     libmwmathutil:libmwmathutil.dll
 0002:00000380       __imp_mxGetData_800        000000018008c380     libmx:libmx.dll
 0002:00000388       __imp_mxGetString_800      000000018008c388     libmx:libmx.dll
 0002:00000390       __imp_mxCreateDoubleScalar_800 000000018008c390     libmx:libmx.dll
 0002:00000398       __imp_mxCreateDoubleMatrix_800 000000018008c398     libmx:libmx.dll
 0002:000003a0       __imp_mxCreateNumericMatrix_800 000000018008c3a0     libmx:libmx.dll
 0002:000003a8       __imp_mxSetField_800       000000018008c3a8     libmx:libmx.dll
 0002:000003b0       __imp_mxGetPr_800          000000018008c3b0     libmx:libmx.dll
 0002:000003b8       __imp_mxGetN_800           000000018008c3b8     libmx:libmx.dll
 0002:000003c0       __imp_mxIsComplex_800      000000018008c3c0     libmx:libmx.dll
 0002:000003c8       __imp_mxIsChar_800         000000018008c3c8     libmx:libmx.dll
 0002:000003d0       __imp_mxIsNumeric_800      000000018008c3d0     libmx:libmx.dll
 0002:000003d8       __imp_mxSetCell_800        000000018008c3d8     libmx:libmx.dll
 0002:000003e0       __imp_mxGetClassID_800     000000018008c3e0     libmx:libmx.dll
 0002:000003e8       __imp_mxGetM_800           000000018008c3e8     libmx:libmx.dll
 0002:000003f0       __imp_mxCalloc_800         000000018008c3f0     libmx:libmx.dll
 0002:000003f8       __imp_mxGetNaN_800         000000018008c3f8     libmx:libmx.dll
 0002:00000400       __imp_mxGetInf_800         000000018008c400     libmx:libmx.dll
 0002:00000408       __imp_mxCreateStructMatrix_800 000000018008c408     libmx:libmx.dll
 0002:00000410       __imp_mxCreateCellMatrix_800 000000018008c410     libmx:libmx.dll
 0002:00000418       __imp_mxCreateString_800   000000018008c418     libmx:libmx.dll
 0002:00000420       __imp_mxSetFieldByNumber_800 000000018008c420     libmx:libmx.dll
 0002:00000428       \177libmx_NULL_THUNK_DATA  000000018008c428     libmx:libmx.dll
 0002:00000430       __guard_check_icall_fptr   000000018008c430     MSVCRT:guard_support.obj
 0002:00000438       __guard_dispatch_icall_fptr 000000018008c438     MSVCRT:guard_support.obj
 0002:00000440       __xc_a                     000000018008c440     MSVCRT:initializers.obj
 0002:00000448       __xc_z                     000000018008c448     MSVCRT:initializers.obj
 0002:00000450       __xi_a                     000000018008c450     MSVCRT:initializers.obj
 0002:00000458       __xi_z                     000000018008c458     MSVCRT:initializers.obj
 0002:00000460       __xp_a                     000000018008c460     MSVCRT:initializers.obj
 0002:00000468       __xp_z                     000000018008c468     MSVCRT:initializers.obj
 0002:00000470       __xt_a                     000000018008c470     MSVCRT:initializers.obj
 0002:00000478       __xt_z                     000000018008c478     MSVCRT:initializers.obj
 0002:00000b20       __real@0000000000000000    000000018008cb20     m_IeSKkqIJwqCfAF7PBwcYjD.obj
 0002:00000b28       __real@0350000000000000    000000018008cb28     m_IeSKkqIJwqCfAF7PBwcYjD.obj
 0002:00000b30       __real@1cc0000000000000    000000018008cb30     m_IeSKkqIJwqCfAF7PBwcYjD.obj
 0002:00000b38       __real@3ca0000000000000    000000018008cb38     m_IeSKkqIJwqCfAF7PBwcYjD.obj
 0002:00000b40       __real@3cb0000000000000    000000018008cb40     m_IeSKkqIJwqCfAF7PBwcYjD.obj
 0002:00000b48       __real@3cc0000000000000    000000018008cb48     m_IeSKkqIJwqCfAF7PBwcYjD.obj
 0002:00000b50       __real@3ce4000000000000    000000018008cb50     m_IeSKkqIJwqCfAF7PBwcYjD.obj
 0002:00000b58       __real@3d06849b86a12b9b    000000018008cb58     m_IeSKkqIJwqCfAF7PBwcYjD.obj
 0002:00000b60       __real@3e50000000000000    000000018008cb60     m_IeSKkqIJwqCfAF7PBwcYjD.obj
 0002:00000b68       __real@3e7ad7f29abcaf48    000000018008cb68     m_IeSKkqIJwqCfAF7PBwcYjD.obj
 0002:00000b70       __real@3eb0c6f7a0b5ed8d    000000018008cb70     m_IeSKkqIJwqCfAF7PBwcYjD.obj
 0002:00000b78       __real@3ee4f8b588e368f1    000000018008cb78     m_IeSKkqIJwqCfAF7PBwcYjD.obj
 0002:00000b80       __real@3f1a36e2eb1c432d    000000018008cb80     m_IeSKkqIJwqCfAF7PBwcYjD.obj
 0002:00000b88       __real@3fc999999999999a    000000018008cb88     m_IeSKkqIJwqCfAF7PBwcYjD.obj
 0002:00000b90       __real@3fd183aa6c20e8bc    000000018008cb90     m_IeSKkqIJwqCfAF7PBwcYjD.obj
 0002:00000b98       __real@3fd999999999999a    000000018008cb98     m_IeSKkqIJwqCfAF7PBwcYjD.obj
 0002:00000ba0       __real@3fe0000000000000    000000018008cba0     m_IeSKkqIJwqCfAF7PBwcYjD.obj
 0002:00000ba8       __real@3fe999999999999a    000000018008cba8     m_IeSKkqIJwqCfAF7PBwcYjD.obj
 0002:00000bb0       __real@3ff0000000000000    000000018008cbb0     m_IeSKkqIJwqCfAF7PBwcYjD.obj
 0002:00000bb8       __real@3ff6a09e667f3bcd    000000018008cbb8     m_IeSKkqIJwqCfAF7PBwcYjD.obj
 0002:00000bc0       __real@4000000000000000    000000018008cbc0     m_IeSKkqIJwqCfAF7PBwcYjD.obj
 0002:00000bc8       __real@4008000000000000    000000018008cbc8     m_IeSKkqIJwqCfAF7PBwcYjD.obj
 0002:00000bd0       __real@400921fb54442d18    000000018008cbd0     m_IeSKkqIJwqCfAF7PBwcYjD.obj
 0002:00000bd8       __real@400921ff2e48e8a7    000000018008cbd8     m_IeSKkqIJwqCfAF7PBwcYjD.obj
 0002:00000be0       __real@400d3bb48209ad36    000000018008cbe0     m_IeSKkqIJwqCfAF7PBwcYjD.obj
 0002:00000be8       __real@400d525460aa64c3    000000018008cbe8     m_IeSKkqIJwqCfAF7PBwcYjD.obj
 0002:00000bf0       __real@400f46dc5d638865    000000018008cbf0     m_IeSKkqIJwqCfAF7PBwcYjD.obj
 0002:00000bf8       __real@4010000000000000    000000018008cbf8     m_IeSKkqIJwqCfAF7PBwcYjD.obj
 0002:00000c00       __real@4014000000000000    000000018008cc00     m_IeSKkqIJwqCfAF7PBwcYjD.obj
 0002:00000c08       __real@4017bc9eecbfb15b    000000018008cc08     m_IeSKkqIJwqCfAF7PBwcYjD.obj
 0002:00000c10       __real@4018000000000000    000000018008cc10     m_IeSKkqIJwqCfAF7PBwcYjD.obj
 0002:00000c18       __real@401921fb54442d18    000000018008cc18     m_IeSKkqIJwqCfAF7PBwcYjD.obj
 0002:00000c20       __real@401c000000000000    000000018008cc20     m_IeSKkqIJwqCfAF7PBwcYjD.obj
 0002:00000c28       __real@4020000000000000    000000018008cc28     m_IeSKkqIJwqCfAF7PBwcYjD.obj
 0002:00000c30       __real@4022000000000000    000000018008cc30     m_IeSKkqIJwqCfAF7PBwcYjD.obj
 0002:00000c38       __real@4024000000000000    000000018008cc38     m_IeSKkqIJwqCfAF7PBwcYjD.obj
 0002:00000c40       __real@404f000000000000    000000018008cc40     m_IeSKkqIJwqCfAF7PBwcYjD.obj
 0002:00000c48       __real@406f400000000000    000000018008cc48     m_IeSKkqIJwqCfAF7PBwcYjD.obj
 0002:00000c50       __real@4097700000000000    000000018008cc50     m_IeSKkqIJwqCfAF7PBwcYjD.obj
 0002:00000c58       __real@40f0000000000000    000000018008cc58     m_IeSKkqIJwqCfAF7PBwcYjD.obj
 0002:00000c60       __real@4170000000000000    000000018008cc60     m_IeSKkqIJwqCfAF7PBwcYjD.obj
 0002:00000c68       __real@4190000000000000    000000018008cc68     m_IeSKkqIJwqCfAF7PBwcYjD.obj
 0002:00000c70       __real@41dfffffffc00000    000000018008cc70     m_IeSKkqIJwqCfAF7PBwcYjD.obj
 0002:00000c78       __real@7fcfffffffffffff    000000018008cc78     m_IeSKkqIJwqCfAF7PBwcYjD.obj
 0002:00000c80       __real@bfb6594af4f0d845    000000018008cc80     m_IeSKkqIJwqCfAF7PBwcYjD.obj
 0002:00000c88       __real@bfe0000000000000    000000018008cc88     m_IeSKkqIJwqCfAF7PBwcYjD.obj
 0002:00000c90       __real@bff0000000000000    000000018008cc90     m_IeSKkqIJwqCfAF7PBwcYjD.obj
 0002:00000c98       __real@bffd525460aa64c3    000000018008cc98     m_IeSKkqIJwqCfAF7PBwcYjD.obj
 0002:00000ca0       __real@c000000000000000    000000018008cca0     m_IeSKkqIJwqCfAF7PBwcYjD.obj
 0002:00000ca8       __real@c007bc9eecbfb15b    000000018008cca8     m_IeSKkqIJwqCfAF7PBwcYjD.obj
 0002:00000cb0       __real@c00921fb54442d18    000000018008ccb0     m_IeSKkqIJwqCfAF7PBwcYjD.obj
 0002:00000cb8       __real@c00921ff2e48e8a7    000000018008ccb8     m_IeSKkqIJwqCfAF7PBwcYjD.obj
 0002:00000cc0       __xmm@80000000000000008000000000000000 000000018008ccc0     m_IeSKkqIJwqCfAF7PBwcYjD.obj
 0002:00000cd0       DYNAMIC_DIMENSION_DEF      000000018008ccd0     InterpolationIkinePD2019_cgxe_registry.obj
 0002:00000ce8       __real@41602cbca0000000    000000018008cce8     InterpolationIkinePD2019_cgxe_registry.obj
 0002:00000cf0       __real@41af719832000000    000000018008ccf0     InterpolationIkinePD2019_cgxe_registry.obj
 0002:00000cf8       __real@41d6209a77000000    000000018008ccf8     InterpolationIkinePD2019_cgxe_registry.obj
 0002:00000d00       __real@41dd01151c400000    000000018008cd00     InterpolationIkinePD2019_cgxe_registry.obj
 0002:00000d08       __real@41e0f3b9c4a00000    000000018008cd08     InterpolationIkinePD2019_cgxe_registry.obj
 0002:00000d10       __real@41e0f79ab0400000    000000018008cd10     InterpolationIkinePD2019_cgxe_registry.obj
 0002:00000d18       __real@41e39c15f8e00000    000000018008cd18     InterpolationIkinePD2019_cgxe_registry.obj
 0002:00000d20       __real@41e5953a1ee00000    000000018008cd20     InterpolationIkinePD2019_cgxe_registry.obj
 0002:00000d28       __real@41e9d98b6b200000    000000018008cd28     InterpolationIkinePD2019_cgxe_registry.obj
 0002:00000d30       __real@41eaa96e30600000    000000018008cd30     InterpolationIkinePD2019_cgxe_registry.obj
 0002:00000d38       __real@41eda0be13800000    000000018008cd38     InterpolationIkinePD2019_cgxe_registry.obj
 0002:00000d40       __real@41ee2e6ea6800000    000000018008cd40     InterpolationIkinePD2019_cgxe_registry.obj
 0002:00000d48       __real@41eec844d3c00000    000000018008cd48     InterpolationIkinePD2019_cgxe_registry.obj
 0002:00000d60       _pDefaultRawDllMain        000000018008cd60     MSVCRT:dll_dllmain.obj
 0002:00000d60       _pRawDllMain               000000018008cd60     MSVCRT:dll_dllmain.obj
 0002:00000d90       _load_config_used          000000018008cd90     MSVCRT:loadcfg.obj
 0002:000010a8       __rtc_iaa                  000000018008d0a8     MSVCRT:initsect.obj
 0002:000010b0       __rtc_izz                  000000018008d0b0     MSVCRT:initsect.obj
 0002:000010b8       __rtc_taa                  000000018008d0b8     MSVCRT:initsect.obj
 0002:000010c0       __rtc_tzz                  000000018008d0c0     MSVCRT:initsect.obj
 0002:00002418       __IMPORT_DESCRIPTOR_libmx  000000018008e418     libmx:libmx.dll
 0002:0000242c       __IMPORT_DESCRIPTOR_libmex 000000018008e42c     libmex:libmex.dll
 0002:00002440       __IMPORT_DESCRIPTOR_libmwmathutil 000000018008e440     libmwmathutil:libmwmathutil.dll
 0002:00002454       __IMPORT_DESCRIPTOR_libemlrt 000000018008e454     libemlrt:libemlrt.dll
 0002:00002468       __IMPORT_DESCRIPTOR_libmwcgxert 000000018008e468     libmwcgxert:libmwcgxert.dll
 0002:0000247c       __IMPORT_DESCRIPTOR_libmwblas 000000018008e47c     libmwblas:libmwblas.dll
 0002:00002490       __IMPORT_DESCRIPTOR_libmwlapack 000000018008e490     libmwlapack:libmwlapack.dll
 0002:000024a4       __IMPORT_DESCRIPTOR_KERNEL32 000000018008e4a4     kernel32:KERNEL32.dll
 0002:000024b8       __IMPORT_DESCRIPTOR_VCRUNTIME140 000000018008e4b8     vcruntime:VCRUNTIME140.dll
 0002:000024cc       __IMPORT_DESCRIPTOR_api-ms-win-crt-heap-l1-1-0 000000018008e4cc     ucrt:api-ms-win-crt-heap-l1-1-0.dll
 0002:000024e0       __IMPORT_DESCRIPTOR_api-ms-win-crt-string-l1-1-0 000000018008e4e0     ucrt:api-ms-win-crt-string-l1-1-0.dll
 0002:000024f4       __IMPORT_DESCRIPTOR_api-ms-win-crt-stdio-l1-1-0 000000018008e4f4     ucrt:api-ms-win-crt-stdio-l1-1-0.dll
 0002:00002508       __IMPORT_DESCRIPTOR_api-ms-win-crt-runtime-l1-1-0 000000018008e508     ucrt:api-ms-win-crt-runtime-l1-1-0.dll
 0002:0000251c       __NULL_IMPORT_DESCRIPTOR   000000018008e51c     libmx:libmx.dll
 0003:000149f0       DYNAMIC_DIMENSION          00000001800a49f0     InterpolationIkinePD2019_cgxe_registry.obj
 0003:00016b80       __security_cookie_complement 00000001800a6b80     MSVCRT:gs_cookie.obj
 0003:00016b88       __security_cookie          00000001800a6b88     MSVCRT:gs_cookie.obj
 0003:00016b90       _fltused                   00000001800a6b90     MSVCRT:fltused.obj
 0003:00016b94       __scrt_native_dllmain_reason 00000001800a6b94     MSVCRT:utility.obj
 0003:00016b98       __isa_available            00000001800a6b98     MSVCRT:cpu_disp.obj
 0003:00016b9c       __isa_enabled              00000001800a6b9c     MSVCRT:cpu_disp.obj
 0003:00016ba0       __memcpy_nt_iters          00000001800a6ba0     MSVCRT:cpu_disp.obj
 0003:00016bb0       __scrt_ucrt_dll_is_in_use  00000001800a6bb0     MSVCRT:ucrt_stubs.obj
 0003:000171b0       ?__type_info_root_node@@3U__type_info_node@@A 00000001800a71b0     MSVCRT:tncleanup.obj
 0003:000171c0       ?_OptionsStorage@?1??__local_stdio_printf_options@@9@4_KA 00000001800a71c0     MSVCRT:default_local_stdio_options.obj
 0003:000171c8       ?_OptionsStorage@?1??__local_stdio_scanf_options@@9@4_KA 00000001800a71c8     MSVCRT:default_local_stdio_options.obj
 0003:000171d0       __scrt_current_native_startup_state 00000001800a71d0     MSVCRT:utility.obj
 0003:000171d8       __scrt_native_startup_lock 00000001800a71d8     MSVCRT:utility.obj
 0003:00017218       __scrt_debugger_hook_flag  00000001800a7218     MSVCRT:utility_desktop.obj
 0003:0001721c       __favor                    00000001800a721c     MSVCRT:cpu_disp.obj
 0003:00017220       ?_OptionsStorage@?1??__local_stdio_printf_options@@9@9 00000001800a7220     <common>
 0003:00017228       __dyn_tls_init_callback    00000001800a7228     <common>

 entry point at        0001:00089f68

 Static symbols

 0000:00000000       .debug$S                   0000000180000000     libmwmathutil:libmwmathutil.dll
 0000:00000000       .debug$S                   0000000180000000     libmwlapack:libmwlapack.dll
 0000:00000000       .debug$S                   0000000180000000     libmwlapack:libmwlapack.dll
 0000:00000000       .debug$S                   0000000180000000     libmx:libmx.dll
 0000:00000000       .debug$S                   0000000180000000     libmx:libmx.dll
 0000:00000000       .debug$S                   0000000180000000     libmx:libmx.dll
 0000:00000000       .debug$S                   0000000180000000     InterpolationIkinePD2019_cgxe.exp
 0000:00000000       .debug$S                   0000000180000000     libmx:libmx.dll
 0000:00000000       .debug$S                   0000000180000000     libmx:libmx.dll
 0000:00000000       .debug$S                   0000000180000000     libmx:libmx.dll
 0000:00000000       .debug$S                   0000000180000000     libmx:libmx.dll
 0000:00000000       .debug$S                   0000000180000000     libmx:libmx.dll
 0000:00000000       .debug$S                   0000000180000000     ucrt:api-ms-win-crt-runtime-l1-1-0.dll
 0000:00000000       .debug$S                   0000000180000000     ucrt:api-ms-win-crt-runtime-l1-1-0.dll
 0000:00000000       .debug$S                   0000000180000000     ucrt:api-ms-win-crt-runtime-l1-1-0.dll
 0000:00000000       .debug$S                   0000000180000000     ucrt:api-ms-win-crt-runtime-l1-1-0.dll
 0000:00000000       .debug$S                   0000000180000000     ucrt:api-ms-win-crt-runtime-l1-1-0.dll
 0000:00000000       .debug$S                   0000000180000000     ucrt:api-ms-win-crt-runtime-l1-1-0.dll
 0000:00000000       .debug$S                   0000000180000000     ucrt:api-ms-win-crt-runtime-l1-1-0.dll
 0000:00000000       .debug$S                   0000000180000000     ucrt:api-ms-win-crt-runtime-l1-1-0.dll
 0000:00000000       .debug$S                   0000000180000000     ucrt:api-ms-win-crt-runtime-l1-1-0.dll
 0000:00000000       .debug$S                   0000000180000000     ucrt:api-ms-win-crt-runtime-l1-1-0.dll
 0000:00000000       .debug$S                   0000000180000000     ucrt:api-ms-win-crt-runtime-l1-1-0.dll
 0000:00000000       .debug$S                   0000000180000000     ucrt:api-ms-win-crt-runtime-l1-1-0.dll
 0000:00000000       .debug$S                   0000000180000000     ucrt:api-ms-win-crt-heap-l1-1-0.dll
 0000:00000000       .debug$S                   0000000180000000     ucrt:api-ms-win-crt-stdio-l1-1-0.dll
 0000:00000000       .debug$S                   0000000180000000     ucrt:api-ms-win-crt-string-l1-1-0.dll
 0000:00000000       .debug$S                   0000000180000000     ucrt:api-ms-win-crt-string-l1-1-0.dll
 0000:00000000       .debug$S                   0000000180000000     ucrt:api-ms-win-crt-heap-l1-1-0.dll
 0000:00000000       .debug$S                   0000000180000000     ucrt:api-ms-win-crt-heap-l1-1-0.dll
 0000:00000000       .debug$S                   0000000180000000     libmx:libmx.dll
 0000:00000000       .debug$S                   0000000180000000     vcruntime:VCRUNTIME140.dll
 0000:00000000       .debug$S                   0000000180000000     vcruntime:VCRUNTIME140.dll
 0000:00000000       .debug$S                   0000000180000000     vcruntime:VCRUNTIME140.dll
 0000:00000000       .debug$S                   0000000180000000     vcruntime:VCRUNTIME140.dll
 0000:00000000       .debug$S                   0000000180000000     libmx:libmx.dll
 0000:00000000       .debug$S                   0000000180000000     kernel32:KERNEL32.dll
 0000:00000000       .debug$S                   0000000180000000     kernel32:KERNEL32.dll
 0000:00000000       .debug$S                   0000000180000000     kernel32:KERNEL32.dll
 0000:00000000       .debug$S                   0000000180000000     kernel32:KERNEL32.dll
 0000:00000000       .debug$S                   0000000180000000     kernel32:KERNEL32.dll
 0000:00000000       .debug$S                   0000000180000000     kernel32:KERNEL32.dll
 0000:00000000       .debug$S                   0000000180000000     kernel32:KERNEL32.dll
 0000:00000000       .debug$S                   0000000180000000     kernel32:KERNEL32.dll
 0000:00000000       .debug$S                   0000000180000000     kernel32:KERNEL32.dll
 0000:00000000       .debug$S                   0000000180000000     kernel32:KERNEL32.dll
 0000:00000000       .debug$S                   0000000180000000     kernel32:KERNEL32.dll
 0000:00000000       .debug$S                   0000000180000000     kernel32:KERNEL32.dll
 0000:00000000       .debug$S                   0000000180000000     kernel32:KERNEL32.dll
 0000:00000000       .debug$S                   0000000180000000     kernel32:KERNEL32.dll
 0000:00000000       .debug$S                   0000000180000000     kernel32:KERNEL32.dll
 0000:00000000       .debug$S                   0000000180000000     kernel32:KERNEL32.dll
 0000:00000000       .debug$S                   0000000180000000     kernel32:KERNEL32.dll
 0000:00000000       .debug$S                   0000000180000000     libmx:libmx.dll
 0000:00000000       .debug$S                   0000000180000000     libmx:libmx.dll
 0000:00000000       .debug$S                   0000000180000000     libmx:libmx.dll
 0000:00000000       .debug$S                   0000000180000000     libmx:libmx.dll
 0002:fff74000       __guard_fids__guard_icall_checks_enforced 0000000180000000     MSVCRT:guard_support.obj
 0002:fff74000       __guard_fids__             0000000180000000     MSVCRT:guard_support.obj
 0000:00000000       .debug$S                   0000000180000000     libmx:libmx.dll
 0000:00000000       .debug$S                   0000000180000000     libmx:libmx.dll
 0000:00000000       .debug$S                   0000000180000000     libmx:libmx.dll
 0000:00000000       .debug$S                   0000000180000000     libmx:libmx.dll
 0000:00000000       .debug$S                   0000000180000000     libmx:libmx.dll
 0000:00000000       .debug$S                   0000000180000000     libmx:libmx.dll
 0000:00000000       .debug$S                   0000000180000000     libmx:libmx.dll
 0000:00000000       .debug$S                   0000000180000000     libmwlapack:libmwlapack.dll
 0002:fff74000       __guard_fids___scrt_set_unhandled_exception_filter 0000000180000000     MSVCRT:utility_desktop.obj
 0000:00000000       .debug$S                   0000000180000000     libmex:libmex.dll
 0000:00000000       .debug$S                   0000000180000000     libmex:libmex.dll
 0000:00000000       .debug$S                   0000000180000000     libmex:libmex.dll
 0000:00000000       .debug$S                   0000000180000000     libmex:libmex.dll
 0000:00000000       .debug$S                   0000000180000000     libmex:libmex.dll
 0002:fff74000       __guard_fids_?dllmain_dispatch@@YAHQEAUHINSTANCE__@@KQEAX@Z 0000000180000000     MSVCRT:dll_dllmain.obj
 0000:00000000       .debug$S                   0000000180000000     libmwmathutil:libmwmathutil.dll
 0000:00000000       .debug$S                   0000000180000000     libmwmathutil:libmwmathutil.dll
 0000:00000000       .debug$S                   0000000180000000     libmwmathutil:libmwmathutil.dll
 0000:00000000       .debug$S                   0000000180000000     libmwmathutil:libmwmathutil.dll
 0000:00000000       .debug$S                   0000000180000000     libmwmathutil:libmwmathutil.dll
 0000:00000000       .debug$S                   0000000180000000     libmwmathutil:libmwmathutil.dll
 0000:00000000       .debug$S                   0000000180000000     libmwmathutil:libmwmathutil.dll
 0000:00000000       .debug$S                   0000000180000000     libmwmathutil:libmwmathutil.dll
 0000:00000000       .debug$S                   0000000180000000     libmwmathutil:libmwmathutil.dll
 0000:00000000       .debug$S                   0000000180000000     libmwmathutil:libmwmathutil.dll
 0000:00000000       .debug$S                   0000000180000000     libmwmathutil:libmwmathutil.dll
 0000:00000000       .debug$S                   0000000180000000     libmwmathutil:libmwmathutil.dll
 0000:00000000       .debug$S                   0000000180000000     libmwmathutil:libmwmathutil.dll
 0000:00000000       .debug$S                   0000000180000000     libmwmathutil:libmwmathutil.dll
 0000:00000000       .debug$S                   0000000180000000     libmwlapack:libmwlapack.dll
 0000:00000000       .debug$S                   0000000180000000     libmwmathutil:libmwmathutil.dll
 0000:00000000       .debug$S                   0000000180000000     libmwmathutil:libmwmathutil.dll
 0000:00000000       .debug$S                   0000000180000000     libmwblas:libmwblas.dll
 0000:00000000       .debug$S                   0000000180000000     libemlrt:libemlrt.dll
 0000:00000000       .debug$S                   0000000180000000     libemlrt:libemlrt.dll
 0000:00000000       .debug$S                   0000000180000000     libemlrt:libemlrt.dll
 0000:00000000       .debug$S                   0000000180000000     libemlrt:libemlrt.dll
 0000:00000000       .debug$S                   0000000180000000     libemlrt:libemlrt.dll
 0000:00000000       .debug$S                   0000000180000000     libemlrt:libemlrt.dll
 0000:00000000       .debug$S                   0000000180000000     libemlrt:libemlrt.dll
 0000:00000000       .debug$S                   0000000180000000     libemlrt:libemlrt.dll
 0000:00000000       .debug$S                   0000000180000000     libemlrt:libemlrt.dll
 0000:00000000       .debug$S                   0000000180000000     libemlrt:libemlrt.dll
 0000:00000000       .debug$S                   0000000180000000     libemlrt:libemlrt.dll
 0000:00000000       .debug$S                   0000000180000000     libemlrt:libemlrt.dll
 0000:00000000       .debug$S                   0000000180000000     libemlrt:libemlrt.dll
 0000:00000000       .debug$S                   0000000180000000     libemlrt:libemlrt.dll
 0000:00000000       .debug$S                   0000000180000000     libemlrt:libemlrt.dll
 0000:00000000       .debug$S                   0000000180000000     libemlrt:libemlrt.dll
 0000:00000000       .debug$S                   0000000180000000     libemlrt:libemlrt.dll
 0000:00000000       .debug$S                   0000000180000000     libemlrt:libemlrt.dll
 0000:00000000       .debug$S                   0000000180000000     libemlrt:libemlrt.dll
 0000:00000000       .debug$S                   0000000180000000     libemlrt:libemlrt.dll
 0000:00000000       .debug$S                   0000000180000000     libemlrt:libemlrt.dll
 0000:00000000       .debug$S                   0000000180000000     libemlrt:libemlrt.dll
 0000:00000000       .debug$S                   0000000180000000     libemlrt:libemlrt.dll
 0000:00000000       .debug$S                   0000000180000000     libemlrt:libemlrt.dll
 0000:00000000       .debug$S                   0000000180000000     libmwblas:libmwblas.dll
 0000:00000000       .debug$S                   0000000180000000     libmwcgxert:libmwcgxert.dll
 0000:00000000       .debug$S                   0000000180000000     libmwcgxert:libmwcgxert.dll
 0000:00000000       .debug$S                   0000000180000000     libmwcgxert:libmwcgxert.dll
 0000:00000000       .debug$S                   0000000180000000     libmwcgxert:libmwcgxert.dll
 0000:00000000       .debug$S                   0000000180000000     libmwcgxert:libmwcgxert.dll
 0000:00000000       .debug$S                   0000000180000000     libmwcgxert:libmwcgxert.dll
 0000:00000000       .debug$S                   0000000180000000     libmwcgxert:libmwcgxert.dll
 0000:00000000       .debug$S                   0000000180000000     libmwcgxert:libmwcgxert.dll
 0000:00000000       .debug$S                   0000000180000000     libmwblas:libmwblas.dll
 0001:00000120       cgxe_mdl_start             0000000180001120 f   m_IeSKkqIJwqCfAF7PBwcYjD.obj
 0001:00000250       cgxe_mdl_initialize        0000000180001250 f   m_IeSKkqIJwqCfAF7PBwcYjD.obj
 0001:000002e0       cgxe_mdl_outputs           00000001800012e0 f   m_IeSKkqIJwqCfAF7PBwcYjD.obj
 0001:00000580       cgxe_mdl_update            0000000180001580 f   m_IeSKkqIJwqCfAF7PBwcYjD.obj
 0001:00000590       cgxe_mdl_enable            0000000180001590 f   m_IeSKkqIJwqCfAF7PBwcYjD.obj
 0001:000005a0       cgxe_mdl_disable           00000001800015a0 f   m_IeSKkqIJwqCfAF7PBwcYjD.obj
 0001:000005b0       cgxe_mdl_terminate         00000001800015b0 f   m_IeSKkqIJwqCfAF7PBwcYjD.obj
 0001:00000610       mw__internal__system__init__fcn 0000000180001610 f   m_IeSKkqIJwqCfAF7PBwcYjD.obj
 0001:000010b0       mw__internal__system__terminate__fcn 00000001800020b0 f   m_IeSKkqIJwqCfAF7PBwcYjD.obj
 0001:00001b60       mw__internal__call__setup  0000000180002b60 f   m_IeSKkqIJwqCfAF7PBwcYjD.obj
 0001:00002b20       RigidBodyTree_RigidBodyTree 0000000180003b20 f   m_IeSKkqIJwqCfAF7PBwcYjD.obj
 0001:000047a0       RigidBody_RigidBody        00000001800057a0 f   m_IeSKkqIJwqCfAF7PBwcYjD.obj
 0001:000054e0       b_strcmp                   00000001800064e0 f   m_IeSKkqIJwqCfAF7PBwcYjD.obj
 0001:00005590       c_strcmp                   0000000180006590 f   m_IeSKkqIJwqCfAF7PBwcYjD.obj
 0001:00005640       b_RigidBody_RigidBody      0000000180006640 f   m_IeSKkqIJwqCfAF7PBwcYjD.obj
 0001:00006380       c_RigidBody_RigidBody      0000000180007380 f   m_IeSKkqIJwqCfAF7PBwcYjD.obj
 0001:000070c0       d_RigidBody_RigidBody      00000001800080c0 f   m_IeSKkqIJwqCfAF7PBwcYjD.obj
 0001:00007e00       e_RigidBody_RigidBody      0000000180008e00 f   m_IeSKkqIJwqCfAF7PBwcYjD.obj
 0001:00008b40       f_RigidBody_RigidBody      0000000180009b40 f   m_IeSKkqIJwqCfAF7PBwcYjD.obj
 0001:00009880       g_RigidBody_RigidBody      000000018000a880 f   m_IeSKkqIJwqCfAF7PBwcYjD.obj
 0001:0000a5c0       h_RigidBody_RigidBody      000000018000b5c0 f   m_IeSKkqIJwqCfAF7PBwcYjD.obj
 0001:0000b2c0       inverseKinematics_set_RigidBodyTree 000000018000c2c0 f   m_IeSKkqIJwqCfAF7PBwcYjD.obj
 0001:0000d2c0       b_RigidBodyTree_RigidBodyTree 000000018000e2c0 f   m_IeSKkqIJwqCfAF7PBwcYjD.obj
 0001:0000e1f0       b_rand                     000000018000f1f0 f   m_IeSKkqIJwqCfAF7PBwcYjD.obj
 0001:0000e2e0       is_valid_state             000000018000f2e0 f   m_IeSKkqIJwqCfAF7PBwcYjD.obj
 0001:0000e390       RigidBodyTree_clearAllBodies 000000018000f390 f   m_IeSKkqIJwqCfAF7PBwcYjD.obj
 0001:0000fc10       i_RigidBody_RigidBody      0000000180010c10 f   m_IeSKkqIJwqCfAF7PBwcYjD.obj
 0001:00010650       j_RigidBody_RigidBody      0000000180011650 f   m_IeSKkqIJwqCfAF7PBwcYjD.obj
 0001:00011090       k_RigidBody_RigidBody      0000000180012090 f   m_IeSKkqIJwqCfAF7PBwcYjD.obj
 0001:00011ad0       l_RigidBody_RigidBody      0000000180012ad0 f   m_IeSKkqIJwqCfAF7PBwcYjD.obj
 0001:00012510       m_RigidBody_RigidBody      0000000180013510 f   m_IeSKkqIJwqCfAF7PBwcYjD.obj
 0001:00012f50       n_RigidBody_RigidBody      0000000180013f50 f   m_IeSKkqIJwqCfAF7PBwcYjD.obj
 0001:00013990       o_RigidBody_RigidBody      0000000180014990 f   m_IeSKkqIJwqCfAF7PBwcYjD.obj
 0001:000143d0       validateattributes         00000001800153d0 f   m_IeSKkqIJwqCfAF7PBwcYjD.obj
 0001:00014670       b_validateattributes       0000000180015670 f   m_IeSKkqIJwqCfAF7PBwcYjD.obj
 0001:00014910       d_strcmp                   0000000180015910 f   m_IeSKkqIJwqCfAF7PBwcYjD.obj
 0001:00014a50       error                      0000000180015a50 f   m_IeSKkqIJwqCfAF7PBwcYjD.obj
 0001:00014cd0       c_validateattributes       0000000180015cd0 f   m_IeSKkqIJwqCfAF7PBwcYjD.obj
 0001:00015240       RigidBodyTree_addBody      0000000180016240 f   m_IeSKkqIJwqCfAF7PBwcYjD.obj
 0001:00016760       b_error                    0000000180017760 f   m_IeSKkqIJwqCfAF7PBwcYjD.obj
 0001:000169e0       c_error                    00000001800179e0 f   m_IeSKkqIJwqCfAF7PBwcYjD.obj
 0001:00016c60       d_error                    0000000180017c60 f   m_IeSKkqIJwqCfAF7PBwcYjD.obj
 0001:00016ec0       d_validateattributes       0000000180017ec0 f   m_IeSKkqIJwqCfAF7PBwcYjD.obj
 0001:00017160       e_error                    0000000180018160 f   m_IeSKkqIJwqCfAF7PBwcYjD.obj
 0001:000173e0       RigidBody_copy             00000001800183e0 f   m_IeSKkqIJwqCfAF7PBwcYjD.obj
 0001:00019420       e_validateattributes       000000018001a420 f   m_IeSKkqIJwqCfAF7PBwcYjD.obj
 0001:000196c0       rigidBodyJoint_rigidBodyJoint 000000018001a6c0 f   m_IeSKkqIJwqCfAF7PBwcYjD.obj
 0001:0001acf0       get_match                  000000018001bcf0 f   m_IeSKkqIJwqCfAF7PBwcYjD.obj
 0001:0001b9b0       assertSupportedString      000000018001c9b0 f   m_IeSKkqIJwqCfAF7PBwcYjD.obj
 0001:0001bbd0       warning                    000000018001cbd0 f   m_IeSKkqIJwqCfAF7PBwcYjD.obj
 0001:0001be10       e_strcmp                   000000018001ce10 f   m_IeSKkqIJwqCfAF7PBwcYjD.obj
 0001:0001bec0       b_RigidBodyTree_addBody    000000018001cec0 f   m_IeSKkqIJwqCfAF7PBwcYjD.obj
 0001:0001d3e0       c_RigidBodyTree_addBody    000000018001e3e0 f   m_IeSKkqIJwqCfAF7PBwcYjD.obj
 0001:0001e900       d_RigidBodyTree_addBody    000000018001f900 f   m_IeSKkqIJwqCfAF7PBwcYjD.obj
 0001:0001fe20       e_RigidBodyTree_addBody    0000000180020e20 f   m_IeSKkqIJwqCfAF7PBwcYjD.obj
 0001:00021340       f_RigidBodyTree_addBody    0000000180022340 f   m_IeSKkqIJwqCfAF7PBwcYjD.obj
 0001:00022860       g_RigidBodyTree_addBody    0000000180023860 f   m_IeSKkqIJwqCfAF7PBwcYjD.obj
 0001:00023d80       h_RigidBodyTree_addBody    0000000180024d80 f   m_IeSKkqIJwqCfAF7PBwcYjD.obj
 0001:000252a0       i_RigidBodyTree_addBody    00000001800262a0 f   m_IeSKkqIJwqCfAF7PBwcYjD.obj
 0001:000267c0       DampedBFGSwGradientProjection_DampedBFGSwGradientProjection 00000001800277c0 f   m_IeSKkqIJwqCfAF7PBwcYjD.obj
 0001:00026970       MockSystemTimeProvider_MockSystemTimeProvider 0000000180027970 f   m_IeSKkqIJwqCfAF7PBwcYjD.obj
 0001:000269d0       DampedBFGSwGradientProjection_getSolverParams 00000001800279d0 f   m_IeSKkqIJwqCfAF7PBwcYjD.obj
 0001:00026ae0       mw__internal__call__reset  0000000180027ae0 f   m_IeSKkqIJwqCfAF7PBwcYjD.obj
 0001:00026e40       mw__internal__call__step   0000000180027e40 f   m_IeSKkqIJwqCfAF7PBwcYjD.obj
 0001:00027940       SystemCore_step            0000000180028940 f   m_IeSKkqIJwqCfAF7PBwcYjD.obj
 0001:00028e80       b_inverseKinematics_set_RigidBodyTree 0000000180029e80 f   m_IeSKkqIJwqCfAF7PBwcYjD.obj
 0001:0002ae80       j_RigidBodyTree_addBody    000000018002be80 f   m_IeSKkqIJwqCfAF7PBwcYjD.obj
 0001:0002c3a0       k_RigidBodyTree_addBody    000000018002d3a0 f   m_IeSKkqIJwqCfAF7PBwcYjD.obj
 0001:0002d8c0       l_RigidBodyTree_addBody    000000018002e8c0 f   m_IeSKkqIJwqCfAF7PBwcYjD.obj
 0001:0002ede0       m_RigidBodyTree_addBody    000000018002fde0 f   m_IeSKkqIJwqCfAF7PBwcYjD.obj
 0001:00030300       n_RigidBodyTree_addBody    0000000180031300 f   m_IeSKkqIJwqCfAF7PBwcYjD.obj
 0001:00031820       o_RigidBodyTree_addBody    0000000180032820 f   m_IeSKkqIJwqCfAF7PBwcYjD.obj
 0001:00032d40       p_RigidBodyTree_addBody    0000000180033d40 f   m_IeSKkqIJwqCfAF7PBwcYjD.obj
 0001:00034260       q_RigidBodyTree_addBody    0000000180035260 f   m_IeSKkqIJwqCfAF7PBwcYjD.obj
 0001:00035780       r_RigidBodyTree_addBody    0000000180036780 f   m_IeSKkqIJwqCfAF7PBwcYjD.obj
 0001:00036ca0       inverseKinematics_setupImpl 0000000180037ca0 f   m_IeSKkqIJwqCfAF7PBwcYjD.obj
 0001:00038d40       eye                        0000000180039d40 f   m_IeSKkqIJwqCfAF7PBwcYjD.obj
 0001:00039380       inverseKinematics_setPoseGoal 000000018003a380 f   m_IeSKkqIJwqCfAF7PBwcYjD.obj
 0001:0003a5b0       f_strcmp                   000000018003b5b0 f   m_IeSKkqIJwqCfAF7PBwcYjD.obj
 0001:0003a660       RigidBodyTree_validateInputBodyName 000000018003b660 f   m_IeSKkqIJwqCfAF7PBwcYjD.obj
 0001:0003ac60       inv                        000000018003bc60 f   m_IeSKkqIJwqCfAF7PBwcYjD.obj
 0001:0003af40       inv3x3                     000000018003bf40 f   m_IeSKkqIJwqCfAF7PBwcYjD.obj
 0001:0003b940       b_norm                     000000018003c940 f   m_IeSKkqIJwqCfAF7PBwcYjD.obj
 0001:0003ba30       b_warning                  000000018003ca30 f   m_IeSKkqIJwqCfAF7PBwcYjD.obj
 0001:0003bc70       c_warning                  000000018003cc70 f   m_IeSKkqIJwqCfAF7PBwcYjD.obj
 0001:0003bf30       d_warning                  000000018003cf30 f   m_IeSKkqIJwqCfAF7PBwcYjD.obj
 0001:0003c170       inverseKinematics_solve    000000018003d170 f   m_IeSKkqIJwqCfAF7PBwcYjD.obj
 0001:0003e7f0       RigidBodyTree_validateConfigurationWithLimits 000000018003f7f0 f   m_IeSKkqIJwqCfAF7PBwcYjD.obj
 0001:0003f810       eml_find                   0000000180040810 f   m_IeSKkqIJwqCfAF7PBwcYjD.obj
 0001:0003f940       indexShapeCheck            0000000180040940 f   m_IeSKkqIJwqCfAF7PBwcYjD.obj
 0001:0003fb60       e_warning                  0000000180040b60 f   m_IeSKkqIJwqCfAF7PBwcYjD.obj
 0001:0003fda0       NLPSolverInterface_solve   0000000180040da0 f   m_IeSKkqIJwqCfAF7PBwcYjD.obj
 0001:00041550       DampedBFGSwGradientProjection_solveInternal 0000000180042550 f   m_IeSKkqIJwqCfAF7PBwcYjD.obj
 0001:0004a220       IKHelpers_computeCost      000000018004b220 f   m_IeSKkqIJwqCfAF7PBwcYjD.obj
 0001:0004a9d0       RigidBodyTree_efficientFKAndJacobianForIK 000000018004b9d0 f   m_IeSKkqIJwqCfAF7PBwcYjD.obj
 0001:0004d620       b_RigidBodyTree_validateInputBodyName 000000018004e620 f   m_IeSKkqIJwqCfAF7PBwcYjD.obj
 0001:0004da30       c_RigidBodyTree_validateInputBodyName 000000018004ea30 f   m_IeSKkqIJwqCfAF7PBwcYjD.obj
 0001:0004de40       rigidBodyJoint_transformBodyToParent 000000018004ee40 f   m_IeSKkqIJwqCfAF7PBwcYjD.obj
 0001:0004ea00       normalizeRows              000000018004fa00 f   m_IeSKkqIJwqCfAF7PBwcYjD.obj
 0001:0004eb70       cat                        000000018004fb70 f   m_IeSKkqIJwqCfAF7PBwcYjD.obj
 0001:0004ecd0       permute                    000000018004fcd0 f   m_IeSKkqIJwqCfAF7PBwcYjD.obj
 0001:0004ed60       b_rigidBodyJoint_transformBodyToParent 000000018004fd60 f   m_IeSKkqIJwqCfAF7PBwcYjD.obj
 0001:0004f030       rigidBodyJoint_jointTransform 0000000180050030 f   m_IeSKkqIJwqCfAF7PBwcYjD.obj
 0001:00050380       eml_mtimes_helper          0000000180051380 f   m_IeSKkqIJwqCfAF7PBwcYjD.obj
 0001:000503c0       mtimes                     00000001800513c0 f   m_IeSKkqIJwqCfAF7PBwcYjD.obj
 0001:00050610       IKHelpers_poseError        0000000180051610 f   m_IeSKkqIJwqCfAF7PBwcYjD.obj
 0001:00050990       rotm2axang                 0000000180051990 f   m_IeSKkqIJwqCfAF7PBwcYjD.obj
 0001:000515b0       svd                        00000001800525b0 f   m_IeSKkqIJwqCfAF7PBwcYjD.obj
 0001:00051690       xzsvdc                     0000000180052690 f   m_IeSKkqIJwqCfAF7PBwcYjD.obj
 0001:00053100       xnrm2                      0000000180054100 f   m_IeSKkqIJwqCfAF7PBwcYjD.obj
 0001:00053220       xdotc                      0000000180054220 f   m_IeSKkqIJwqCfAF7PBwcYjD.obj
 0001:000532d0       b_xnrm2                    00000001800542d0 f   m_IeSKkqIJwqCfAF7PBwcYjD.obj
 0001:000533e0       b_mtimes                   00000001800543e0 f   m_IeSKkqIJwqCfAF7PBwcYjD.obj
 0001:00053630       b_eye                      0000000180054630 f   m_IeSKkqIJwqCfAF7PBwcYjD.obj
 0001:000536b0       dynamic_size_checks        00000001800546b0 f   m_IeSKkqIJwqCfAF7PBwcYjD.obj
 0001:00053a40       c_mtimes                   0000000180054a40 f   m_IeSKkqIJwqCfAF7PBwcYjD.obj
 0001:00053d20       b_dynamic_size_checks      0000000180054d20 f   m_IeSKkqIJwqCfAF7PBwcYjD.obj
 0001:00054090       d_mtimes                   0000000180055090 f   m_IeSKkqIJwqCfAF7PBwcYjD.obj
 0001:000541c0       REFxGEMM                   00000001800551c0 f   m_IeSKkqIJwqCfAF7PBwcYjD.obj
[...]
 0004:00000bac       $pdata$emxFreeStruct_robotics_manip_in 00000001800a8bac     m_IeSKkqIJwqCfAF7PBwcYjD.obj
 0004:00000bb8       $pdata$emxFreeStruct_rigidBodyJoint 00000001800a8bb8     m_IeSKkqIJwqCfAF7PBwcYjD.obj
 0004:00000bc4       $pdata$emxFree_real_T      00000001800a8bc4     m_IeSKkqIJwqCfAF7PBwcYjD.obj
 0004:00000bd0       $pdata$b_emxFreeStruct_robotics_manip_in 00000001800a8bd0     m_IeSKkqIJwqCfAF7PBwcYjD.obj
 0004:00000bdc       $pdata$emxFreeStruct_robotics_slmanip_ 00000001800a8bdc     m_IeSKkqIJwqCfAF7PBwcYjD.obj
 0004:00000be8       $pdata$emxFreeStruct_inverseKinematics 00000001800a8be8     m_IeSKkqIJwqCfAF7PBwcYjD.obj
 0004:00000bf4       $pdata$emxFreeStruct_robotics_core_int 00000001800a8bf4     m_IeSKkqIJwqCfAF7PBwcYjD.obj
 0004:00000c00       $pdata$c_emxFreeStruct_robotics_manip_in 00000001800a8c00     m_IeSKkqIJwqCfAF7PBwcYjD.obj
 0004:00000c0c       $pdata$d_emxFreeStruct_robotics_manip_in 00000001800a8c0c     m_IeSKkqIJwqCfAF7PBwcYjD.obj
 0004:00000c18       $pdata$e_emxFreeStruct_robotics_manip_in 00000001800a8c18     m_IeSKkqIJwqCfAF7PBwcYjD.obj
 0004:00000c24       $pdata$emxEnsureCapacity_char_T 00000001800a8c24     m_IeSKkqIJwqCfAF7PBwcYjD.obj
 0004:00000c30       $pdata$emxEnsureCapacity_real_T 00000001800a8c30     m_IeSKkqIJwqCfAF7PBwcYjD.obj
 0004:00000c3c       $pdata$emxEnsureCapacity_real_T1 00000001800a8c3c     m_IeSKkqIJwqCfAF7PBwcYjD.obj
 0004:00000c48       $pdata$emxEnsureCapacity_int32_T 00000001800a8c48     m_IeSKkqIJwqCfAF7PBwcYjD.obj
 0004:00000c54       $pdata$emxEnsureCapacity_int8_T 00000001800a8c54     m_IeSKkqIJwqCfAF7PBwcYjD.obj
 0004:00000c60       $pdata$emxEnsureCapacity_int32_T1 00000001800a8c60     m_IeSKkqIJwqCfAF7PBwcYjD.obj
 0004:00000c6c       $pdata$emxInit_int8_T      00000001800a8c6c     m_IeSKkqIJwqCfAF7PBwcYjD.obj
 0004:00000c78       $pdata$emxInit_int32_T     00000001800a8c78     m_IeSKkqIJwqCfAF7PBwcYjD.obj
 0004:00000c84       $pdata$emxInit_int32_T1    00000001800a8c84     m_IeSKkqIJwqCfAF7PBwcYjD.obj
 0004:00000c90       $pdata$emxFree_int8_T      00000001800a8c90     m_IeSKkqIJwqCfAF7PBwcYjD.obj
 0004:00000c9c       $pdata$emxFree_int32_T     00000001800a8c9c     m_IeSKkqIJwqCfAF7PBwcYjD.obj
 0004:00000ca8       $pdata$emxEnsureCapacity_boolean_T 00000001800a8ca8     m_IeSKkqIJwqCfAF7PBwcYjD.obj
 0004:00000cb4       $pdata$emxInit_boolean_T   00000001800a8cb4     m_IeSKkqIJwqCfAF7PBwcYjD.obj
 0004:00000cc0       $pdata$emxFree_boolean_T   00000001800a8cc0     m_IeSKkqIJwqCfAF7PBwcYjD.obj
 0004:00000ccc       $pdata$emxEnsureCapacity_ptrdiff_t 00000001800a8ccc     m_IeSKkqIJwqCfAF7PBwcYjD.obj
 0004:00000cd8       $pdata$emxInit_ptrdiff_t   00000001800a8cd8     m_IeSKkqIJwqCfAF7PBwcYjD.obj
 0004:00000ce4       $pdata$emxFree_ptrdiff_t   00000001800a8ce4     m_IeSKkqIJwqCfAF7PBwcYjD.obj
 0004:00000cf0       $pdata$div_nzp_s32         00000001800a8cf0     m_IeSKkqIJwqCfAF7PBwcYjD.obj
 0004:00000cfc       $pdata$div_s32_floor       00000001800a8cfc     m_IeSKkqIJwqCfAF7PBwcYjD.obj
 0004:00000d08       $pdata$init_simulink_io_address 00000001800a8d08     m_IeSKkqIJwqCfAF7PBwcYjD.obj
 0004:00000d14       $pdata$mdlOutputs_IeSKkqIJwqCfAF7PBwcYjD 00000001800a8d14     m_IeSKkqIJwqCfAF7PBwcYjD.obj
 0004:00000d20       $pdata$mdlInitialize_IeSKkqIJwqCfAF7PBwcYjD 00000001800a8d20     m_IeSKkqIJwqCfAF7PBwcYjD.obj
 0004:00000d2c       $pdata$mdlUpdate_IeSKkqIJwqCfAF7PBwcYjD 00000001800a8d2c     m_IeSKkqIJwqCfAF7PBwcYjD.obj
 0004:00000d38       $pdata$mdlTerminate_IeSKkqIJwqCfAF7PBwcYjD 00000001800a8d38     m_IeSKkqIJwqCfAF7PBwcYjD.obj
 0004:00000d44       $pdata$mdlEnable_IeSKkqIJwqCfAF7PBwcYjD 00000001800a8d44     m_IeSKkqIJwqCfAF7PBwcYjD.obj
 0004:00000d50       $pdata$mdlDisable_IeSKkqIJwqCfAF7PBwcYjD 00000001800a8d50     m_IeSKkqIJwqCfAF7PBwcYjD.obj
 0004:00000d5c       $pdata$mdlStart_IeSKkqIJwqCfAF7PBwcYjD 00000001800a8d5c     m_IeSKkqIJwqCfAF7PBwcYjD.obj
 0004:00000d68       $pdata$cgxe_IeSKkqIJwqCfAF7PBwcYjD_BuildInfoUpdate 00000001800a8d68     m_IeSKkqIJwqCfAF7PBwcYjD.obj
 0004:00000d74       $pdata$cgxe_IeSKkqIJwqCfAF7PBwcYjD_fallback_info 00000001800a8d74     m_IeSKkqIJwqCfAF7PBwcYjD.obj
 0004:00000d80       $pdata$mexFunction         00000001800a8d80     InterpolationIkinePD2019_cgxe_registry.obj
 0004:00000d8c       $pdata$_ssSetInputPortDirectFeedThroughFcn 00000001800a8d8c     InterpolationIkinePD2019_cgxe_registry.obj
 0004:00000d98       $pdata$_ssSetRWorkValueFcn 00000001800a8d98     InterpolationIkinePD2019_cgxe_registry.obj
 0004:00000da4       $pdata$_ssGetRWorkValueFcn 00000001800a8da4     InterpolationIkinePD2019_cgxe_registry.obj
 0004:00000db0       $pdata$_ssSetIWorkValueFcn 00000001800a8db0     InterpolationIkinePD2019_cgxe_registry.obj
 0004:00000dbc       $pdata$_ssGetIWorkValueFcn 00000001800a8dbc     InterpolationIkinePD2019_cgxe_registry.obj
 0004:00000dc8       $pdata$_ssSetPWorkValueFcn 00000001800a8dc8     InterpolationIkinePD2019_cgxe_registry.obj
 0004:00000dd4       $pdata$_ssGetPWorkValueFcn 00000001800a8dd4     InterpolationIkinePD2019_cgxe_registry.obj
 0004:00000de0       $pdata$_ssGetInputPortSignalFcn 00000001800a8de0     InterpolationIkinePD2019_cgxe_registry.obj
 0004:00000dec       $pdata$_ssGetInputPortBufferDstPortFcn 00000001800a8dec     InterpolationIkinePD2019_cgxe_registry.obj
 0004:00000df8       $pdata$_ssGetInputPortSignalPtrsFcn 00000001800a8df8     InterpolationIkinePD2019_cgxe_registry.obj
 0004:00000e04       $pdata$ssGetParameterTuningCompliance 00000001800a8e04     InterpolationIkinePD2019_cgxe_registry.obj
 0004:00000e10       $pdata$ssGetDTypeIdFromMxArray 00000001800a8e10     InterpolationIkinePD2019_cgxe_registry.obj
 0004:00000e1c       $pdata$ssWriteRTWMx2dMatParam 00000001800a8e1c     InterpolationIkinePD2019_cgxe_registry.obj
 0004:00000e28       $pdata$ssWriteRTWMxVectParam 00000001800a8e28     InterpolationIkinePD2019_cgxe_registry.obj
 0004:00000e34       $pdata$ssWriteRTWParameters 00000001800a8e34     InterpolationIkinePD2019_cgxe_registry.obj
 0004:00000e40       $pdata$ssWriteRTWParamSettings 00000001800a8e40     InterpolationIkinePD2019_cgxe_registry.obj
 0004:00000e4c       $pdata$ssWriteRTWStr       00000001800a8e4c     InterpolationIkinePD2019_cgxe_registry.obj
 0004:00000e58       $pdata$ssWriteRTWWorkVect  00000001800a8e58     InterpolationIkinePD2019_cgxe_registry.obj
 0004:00000e64       $pdata$ssWarning           00000001800a8e64     InterpolationIkinePD2019_cgxe_registry.obj
 0004:00000e70       $pdata$ssWriteRTWNameValuePair 00000001800a8e70     InterpolationIkinePD2019_cgxe_registry.obj
 0004:00000e7c       $pdata$_ssSetInputPortMatrixDimensions 00000001800a8e7c     InterpolationIkinePD2019_cgxe_registry.obj
 0004:00000e88       $pdata$_ssSetOutputPortMatrixDimensions 00000001800a8e88     InterpolationIkinePD2019_cgxe_registry.obj
 0004:00000e94       $pdata$_ssSetInputPortVectorDimension 00000001800a8e94     InterpolationIkinePD2019_cgxe_registry.obj
 0004:00000ea0       $pdata$_ssSetOutputPortVectorDimension 00000001800a8ea0     InterpolationIkinePD2019_cgxe_registry.obj
 0004:00000eac       $pdata$ssIsRunTimeParamTunable 00000001800a8eac     InterpolationIkinePD2019_cgxe_registry.obj
 0004:00000eb8       $pdata$ssGetSFuncBlockHandle 00000001800a8eb8     InterpolationIkinePD2019_cgxe_registry.obj
 0004:00000ec4       $pdata$_ssGetCurrentInputPortWidth 00000001800a8ec4     InterpolationIkinePD2019_cgxe_registry.obj
 0004:00000ed0       $pdata$_ssGetCurrentOutputPortWidth 00000001800a8ed0     InterpolationIkinePD2019_cgxe_registry.obj
 0004:00000edc       $pdata$_ssGetCallSystemNumFcnCallDestinations 00000001800a8edc     InterpolationIkinePD2019_cgxe_registry.obj
 0004:00000ee8       $pdata$ssGetIsZeroCrossControlDisabled 00000001800a8ee8     InterpolationIkinePD2019_cgxe_registry.obj
 0004:00000ef4       $pdata$ssSetIsInputPortUsedForContZcSignal 00000001800a8ef4     InterpolationIkinePD2019_cgxe_registry.obj
 0004:00000f00       $pdata$ssSetZcSignalIsZcElementDisc 00000001800a8f00     InterpolationIkinePD2019_cgxe_registry.obj
 0004:00000f0c       $pdata$ssSetZcSignalName   00000001800a8f0c     InterpolationIkinePD2019_cgxe_registry.obj
 0004:00000f18       $pdata$ssSetZcSignalWidth  00000001800a8f18     InterpolationIkinePD2019_cgxe_registry.obj
 0004:00000f24       $pdata$ssSetZcSignalZcEventType 00000001800a8f24     InterpolationIkinePD2019_cgxe_registry.obj
 0004:00000f30       $pdata$ssSetZcSignalType   00000001800a8f30     InterpolationIkinePD2019_cgxe_registry.obj
 0004:00000f3c       $pdata$ssSetZcSignalZcTol  00000001800a8f3c     InterpolationIkinePD2019_cgxe_registry.obj
 0004:00000f48       $pdata$ssSetZcSignalNeedsEventNotification 00000001800a8f48     InterpolationIkinePD2019_cgxe_registry.obj
 0004:00000f54       $pdata$ssCreateAndAddZcSignalInfo 00000001800a8f54     InterpolationIkinePD2019_cgxe_registry.obj
 0004:00000f60       $pdata$ssCloneAndAddZcSignalInfo 00000001800a8f60     InterpolationIkinePD2019_cgxe_registry.obj
 0004:00000f6c       $pdata$ssGetNumZcSignals   00000001800a8f6c     InterpolationIkinePD2019_cgxe_registry.obj
 0004:00000f78       $pdata$ssGetZcSignalVector 00000001800a8f78     InterpolationIkinePD2019_cgxe_registry.obj
 0004:00000f84       $pdata$ssGetZcSignalName   00000001800a8f84     InterpolationIkinePD2019_cgxe_registry.obj
 0004:00000f90       $pdata$ssGetZcSignalWidth  00000001800a8f90     InterpolationIkinePD2019_cgxe_registry.obj
 0004:00000f9c       $pdata$ssGetZcSignalZcEventType 00000001800a8f9c     InterpolationIkinePD2019_cgxe_registry.obj
 0004:00000fa8       $pdata$ssGetZcSignalZcEvents 00000001800a8fa8     InterpolationIkinePD2019_cgxe_registry.obj
 0004:00000fb4       $pdata$ssGetZcSignalType   00000001800a8fb4     InterpolationIkinePD2019_cgxe_registry.obj
 0004:00000fc0       $pdata$ssGetZcSignalZcTol  00000001800a8fc0     InterpolationIkinePD2019_cgxe_registry.obj
 0004:00000fcc       $pdata$ssGetZcSignalNeedsEventNotification 00000001800a8fcc     InterpolationIkinePD2019_cgxe_registry.obj
 0004:00000fd8       $pdata$ssGetZcSignalIsZcElementDisc 00000001800a8fd8     InterpolationIkinePD2019_cgxe_registry.obj
 0004:00000fe4       $pdata$ssGetIsInputPortElementContinuous 00000001800a8fe4     InterpolationIkinePD2019_cgxe_registry.obj
 0004:00000ff0       $pdata$_ssGetAbsTol        00000001800a8ff0     InterpolationIkinePD2019_cgxe_registry.obj
 0004:00000ffc       $pdata$_ssSetInputPortReusableFcn 00000001800a8ffc     InterpolationIkinePD2019_cgxe_registry.obj
 0004:00001008       $pdata$_ssSetOutputPortReusableFcn 00000001800a9008     InterpolationIkinePD2019_cgxe_registry.obj
 0004:00001014       $pdata$_ssSetSymbolicDimsSupport 00000001800a9014     InterpolationIkinePD2019_cgxe_registry.obj
 0004:00001020       $pdata$_ssRegisterSymbolicDimsExpr 00000001800a9020     InterpolationIkinePD2019_cgxe_registry.obj
 0004:0000102c       $pdata$_ssRegisterSymbolicDims 00000001800a902c     InterpolationIkinePD2019_cgxe_registry.obj
 0004:00001038       $pdata$_ssRegisterSymbolicDimsString 00000001800a9038     InterpolationIkinePD2019_cgxe_registry.obj
 0004:00001044       $pdata$_ssRegisterSymbolicDimsIntValue 00000001800a9044     InterpolationIkinePD2019_cgxe_registry.obj
 0004:00001050       $pdata$_ssRegisterSymbolicDimsPlus 00000001800a9050     InterpolationIkinePD2019_cgxe_registry.obj
 0004:0000105c       $pdata$_ssRegisterSymbolicDimsMinus 00000001800a905c     InterpolationIkinePD2019_cgxe_registry.obj
 0004:00001068       $pdata$_ssRegisterSymbolicDimsMultiply 00000001800a9068     InterpolationIkinePD2019_cgxe_registry.obj
 0004:00001074       $pdata$_ssRegisterSymbolicDimsDivide 00000001800a9074     InterpolationIkinePD2019_cgxe_registry.obj
 0004:00001080       $pdata$_ssGetNumSymbolicDims 00000001800a9080     InterpolationIkinePD2019_cgxe_registry.obj
 0004:0000108c       $pdata$_ssGetSymbolicDim   00000001800a908c     InterpolationIkinePD2019_cgxe_registry.obj
 0004:00001098       $pdata$_ssSetInputPortSymbolicDimsId 00000001800a9098     InterpolationIkinePD2019_cgxe_registry.obj
 0004:000010a4       $pdata$_ssGetCompInputPortSymbolicDimsId 00000001800a90a4     InterpolationIkinePD2019_cgxe_registry.obj
 0004:000010b0       $pdata$_ssSetCompInputPortSymbolicDimsId 00000001800a90b0     InterpolationIkinePD2019_cgxe_registry.obj
 0004:000010bc       $pdata$_ssSetOutputPortSymbolicDimsId 00000001800a90bc     InterpolationIkinePD2019_cgxe_registry.obj
 0004:000010c8       $pdata$_ssGetCompOutputPortSymbolicDimsId 00000001800a90c8     InterpolationIkinePD2019_cgxe_registry.obj
 0004:000010d4       $pdata$_ssSetCompOutputPortSymbolicDimsId 00000001800a90d4     InterpolationIkinePD2019_cgxe_registry.obj
 0004:000010e0       $pdata$_ssSetCompDWorkSymbolicDimsId 00000001800a90e0     InterpolationIkinePD2019_cgxe_registry.obj
 0004:000010ec       $pdata$mdlStart            00000001800a90ec     InterpolationIkinePD2019_cgxe_registry.obj
 0004:000010f8       $pdata$mdlInitializeConditions 00000001800a90f8     InterpolationIkinePD2019_cgxe_registry.obj
 0004:00001104       $pdata$mdlUpdate           00000001800a9104     InterpolationIkinePD2019_cgxe_registry.obj
 0004:00001110       $pdata$mdlOutputs          00000001800a9110     InterpolationIkinePD2019_cgxe_registry.obj
 0004:0000111c       $pdata$mdlTerminate        00000001800a911c     InterpolationIkinePD2019_cgxe_registry.obj
 0004:00001128       $pdata$cgxe_get_supported_modules 00000001800a9128     InterpolationIkinePD2019_cgxe_registry.obj
 0004:00001134       $pdata$cgxe_process_get_checksums 00000001800a9134     InterpolationIkinePD2019_cgxe_registry.obj
 0004:00001140       $pdata$cgxe_mex_unlock_call 00000001800a9140     InterpolationIkinePD2019_cgxe_registry.obj
 0004:0000114c       $pdata$cgxe_unpack_simstruct 00000001800a914c     InterpolationIkinePD2019_cgxe_registry.obj
 0004:00001158       $pdata$cgxe_get_sim_state  00000001800a9158     InterpolationIkinePD2019_cgxe_registry.obj
 0004:00001164       $pdata$cgxe_set_sim_state  00000001800a9164     InterpolationIkinePD2019_cgxe_registry.obj
 0004:00001170       $pdata$cgxe_get_BuildInfoUpdate 00000001800a9170     InterpolationIkinePD2019_cgxe_registry.obj
 0004:0000117c       $pdata$cgxe_get_fallback_info 00000001800a917c     InterpolationIkinePD2019_cgxe_registry.obj
 0004:00001188       $pdata$ProcessMexSfunctionCmdLineCall 00000001800a9188     InterpolationIkinePD2019_cgxe_registry.obj
 0004:00001194       $pdata$_RegNumInputPortsCB 00000001800a9194     InterpolationIkinePD2019_cgxe_registry.obj
 0004:000011a0       $pdata$_RegNumOutputPortsCB 00000001800a91a0     InterpolationIkinePD2019_cgxe_registry.obj
 0004:000011ac       $pdata$_CreateSimStruct    00000001800a91ac     InterpolationIkinePD2019_cgxe_registry.obj
 0004:000011b8       $pdata$_ProcessMexSfunctionCmdLineCall 00000001800a91b8     InterpolationIkinePD2019_cgxe_registry.obj
 0004:000011c4       $pdata$ReportIndexOutOfBoundsError 00000001800a91c4     InterpolationIkinePD2019_cgxe_registry.obj
 0004:000011d0       $pdata$_vsnprintf_l        00000001800a91d0     InterpolationIkinePD2019_cgxe_registry.obj
 0004:000011dc       $pdata$_vsprintf_l         00000001800a91dc     InterpolationIkinePD2019_cgxe_registry.obj
 0004:000011e8       $pdata$sprintf             00000001800a91e8     InterpolationIkinePD2019_cgxe_registry.obj
 0004:000011f4       $pdata$__raise_securityfailure 00000001800a91f4     MSVCRT:gs_report.obj
 0004:00001200       $pdata$__report_gsfailure  00000001800a9200     MSVCRT:gs_report.obj
 0004:0000120c       $pdata$__report_rangecheckfailure 00000001800a920c     MSVCRT:gs_report.obj
 0004:00001218       $pdata$__report_securityfailure 00000001800a9218     MSVCRT:gs_report.obj
 0004:00001224       $pdata$__report_securityfailureEx 00000001800a9224     MSVCRT:gs_report.obj
 0004:00001230       $pdata$capture_current_context 00000001800a9230     MSVCRT:gs_report.obj
 0004:0000123c       $pdata$capture_previous_context 00000001800a923c     MSVCRT:gs_report.obj
 0004:00001248       $pdata$__GSHandlerCheck    00000001800a9248     MSVCRT:gshandler.obj
 0004:00001254       $pdata$__GSHandlerCheckCommon 00000001800a9254     MSVCRT:gshandler.obj
 0004:0000126c       $pdata$?dllmain_crt_dispatch@@YAHQEAUHINSTANCE__@@KQEAX@Z 00000001800a926c     MSVCRT:dll_dllmain.obj
 0004:00001278       $pdata$?dllmain_crt_process_attach@@YAHQEAUHINSTANCE__@@QEAX@Z 00000001800a9278     MSVCRT:dll_dllmain.obj
 0004:00001284       $pdata$?dllmain_crt_process_detach@@YAH_N@Z 00000001800a9284     MSVCRT:dll_dllmain.obj
 0004:00001290       $pdata$?dllmain_dispatch@@YAHQEAUHINSTANCE__@@KQEAX@Z 00000001800a9290     MSVCRT:dll_dllmain.obj
 0004:0000129c       $pdata$_DllMainCRTStartup  00000001800a929c     MSVCRT:dll_dllmain.obj
 0004:000012a8       $pdata$__get_entropy       00000001800a92a8     MSVCRT:gs_support.obj
 0004:000012b4       $pdata$__security_init_cookie 00000001800a92b4     MSVCRT:gs_support.obj
 0004:000012c0       $pdata$DllMain             00000001800a92c0     MSVCRT:dll_dllmain_stub.obj
 0004:000012cc       $pdata$__scrt_initialize_default_local_stdio_options 00000001800a92cc     MSVCRT:default_local_stdio_options.obj
 0004:000012d8       $pdata$?configure_argv@__scrt_narrow_argv_policy@@SAHXZ 00000001800a92d8     MSVCRT:utility.obj
 0004:000012e4       $pdata$__scrt_acquire_startup_lock 00000001800a92e4     MSVCRT:utility.obj
 0004:000012f0       $pdata$__scrt_dllmain_after_initialize_c 00000001800a92f0     MSVCRT:utility.obj
 0004:000012fc       $pdata$__scrt_dllmain_before_initialize_c 00000001800a92fc     MSVCRT:utility.obj
 0004:00001308       $pdata$__scrt_dllmain_crt_thread_attach 00000001800a9308     MSVCRT:utility.obj
 0004:00001314       $pdata$__scrt_dllmain_crt_thread_detach 00000001800a9314     MSVCRT:utility.obj
 0004:00001320       $pdata$__scrt_dllmain_exception_filter 00000001800a9320     MSVCRT:utility.obj
 0004:0000132c       $pdata$__scrt_dllmain_uninitialize_c 00000001800a932c     MSVCRT:utility.obj
 0004:00001338       $pdata$__scrt_dllmain_uninitialize_critical 00000001800a9338     MSVCRT:utility.obj
 0004:00001344       $pdata$__scrt_initialize_crt 00000001800a9344     MSVCRT:utility.obj
 0004:00001350       $pdata$__scrt_initialize_onexit_tables 00000001800a9350     MSVCRT:utility.obj
 0004:0000135c       $pdata$__scrt_is_nonwritable_in_current_image 00000001800a935c     MSVCRT:utility.obj
 0004:00001368       $pdata$__scrt_release_startup_lock 00000001800a9368     MSVCRT:utility.obj
 0004:00001374       $pdata$__scrt_uninitialize_crt 00000001800a9374     MSVCRT:utility.obj
 0004:00001380       $pdata$_onexit             00000001800a9380     MSVCRT:utility.obj
 0004:0000138c       $pdata$atexit              00000001800a938c     MSVCRT:utility.obj
 0004:00001398       $pdata$__scrt_fastfail     00000001800a9398     MSVCRT:utility_desktop.obj
 0004:000013a4       $pdata$__scrt_get_show_window_mode 00000001800a93a4     MSVCRT:utility_desktop.obj
 0004:000013b0       $pdata$__scrt_is_managed_app 00000001800a93b0     MSVCRT:utility_desktop.obj
 0004:000013bc       $pdata$__scrt_unhandled_exception_filter 00000001800a93bc     MSVCRT:utility_desktop.obj
 0004:000013c8       $pdata$_RTC_Initialize     00000001800a93c8     MSVCRT:initsect.obj
 0004:000013d4       $pdata$_RTC_Terminate      00000001800a93d4     MSVCRT:initsect.obj
 0004:000013e0       $pdata$__isa_available_init 00000001800a93e0     MSVCRT:cpu_disp.obj
 0004:000013f8       $pdata$?fin$0@?0??dllmain_crt_process_attach@@YAHQEAUHINSTANCE__@@QEAX@Z@4HA 00000001800a93f8     MSVCRT:dll_dllmain.obj
 0004:00001404       $pdata$?fin$0@?0??dllmain_crt_process_detach@@YAH_N@Z@4HA 00000001800a9404     MSVCRT:dll_dllmain.obj
 0004:00001410       $pdata$?filt$0@?0??dllmain_dispatch@@YAHQEAUHINSTANCE__@@KQEAX@Z@4HA 00000001800a9410     MSVCRT:dll_dllmain.obj
 0004:0000141c       $pdata$__scrt_is_nonwritable_in_current_image$filt$0 00000001800a941c     MSVCRT:utility.obj
